300 done
1000 done
     top_n                     sig   k   h   gate  dev_sh  dev_mean  dev_med  hold_sh  hold_mean  hold_med  dev_dd  hold_dd
112   1000                SN_mom12  10   5  False   0.845     0.032    0.017    0.610      0.025     0.008  -0.658   -0.461
74    1000              C1_mom+rev  10  21  False   0.838     0.025    0.014    0.737      0.027     0.040  -0.532   -0.382
138   1000                   SN_C1  10  21  False   0.828     0.025    0.017    0.647      0.023     0.036  -0.488   -0.402
110   1000          C5_mom+idiovol  25  21  False   0.823     0.027    0.021    0.627      0.026     0.023  -0.575   -0.453
114   1000                SN_mom12  10  21  False   0.815     0.030    0.017    0.686      0.029     0.014  -0.650   -0.492
22     300  C3_mom+rev+52wh+lowvol  25  21  False   0.811     0.011    0.014    0.713      0.010     0.016  -0.312   -0.186
108   1000          C5_mom+idiovol  25   5  False   0.799     0.027    0.019    0.617      0.025     0.014  -0.600   -0.447
104   1000          C5_mom+idiovol  10   5  False   0.799     0.031    0.026    0.607      0.028     0.027  -0.687   -0.508
106   1000          C5_mom+idiovol  10  21  False   0.790     0.030    0.023    0.617      0.027     0.037  -0.672   -0.501
130   1000                 SN_rev5  10  21  False   0.785     0.022    0.017    0.482      0.014     0.029  -0.579   -0.388
78    1000              C1_mom+rev  25  21  False   0.775     0.020    0.017    0.738      0.024     0.033  -0.469   -0.362
116   1000                SN_mom12  25   5  False   0.773     0.024    0.015    0.665      0.025     0.010  -0.496   -0.394
46     300                SN_mom12  25  21  False   0.768     0.018    0.012    0.740      0.025     0.019  -0.460   -0.399
102   1000     C4_mom6+rev1atr+clv  25  21  False   0.765     0.018    0.015    0.589      0.017     0.020  -0.455   -0.341
118   1000                SN_mom12  25  21  False   0.765     0.023    0.018    0.684      0.026     0.007  -0.516   -0.407
54     300                 SN_mom6  25  21  False   0.756     0.017    0.017    0.644      0.020     0.017  -0.417   -0.410
52     300                 SN_mom6  25   5  False   0.756     0.017    0.014    0.563      0.017     0.012  -0.431   -0.410
86    1000         C2_mom+rev+52wh  25  21  False   0.755     0.018    0.017    0.829      0.024     0.022  -0.416   -0.329
126   1000                 SN_mom6  25  21  False   0.749     0.021    0.013    0.580      0.019     0.010  -0.540   -0.429
142   1000                   SN_C1  25  21  False   0.747     0.019    0.014    0.666      0.021     0.025  -0.469   -0.362
    top_n                     sig   k   h   gate  dev_sh  dev_mean  dev_med  hold_sh  hold_mean  hold_med  dev_dd  hold_dd
90   1000  C3_mom+rev+52wh+lowvol  10  21  False   0.593     0.010    0.013    0.943      0.016     0.009  -0.347   -0.195
10    300         C2_mom+rev+52wh  10  21  False   0.687     0.015    0.015    0.936      0.031     0.025  -0.440   -0.360
18    300  C3_mom+rev+52wh+lowvol  10  21  False   0.734     0.011    0.012    0.886      0.014     0.013  -0.321   -0.206
94   1000  C3_mom+rev+52wh+lowvol  25  21  False   0.667     0.010    0.013    0.848      0.013     0.010  -0.348   -0.184
2     300              C1_mom+rev  10  21  False   0.663     0.017    0.012    0.846      0.032     0.030  -0.504   -0.388
48    300                 SN_mom6  10   5  False   0.729     0.021    0.018    0.832      0.034     0.041  -0.526   -0.464
50    300                 SN_mom6  10  21  False   0.681     0.019    0.017    0.832      0.034     0.031  -0.544   -0.460
86   1000         C2_mom+rev+52wh  25  21  False   0.755     0.018    0.017    0.829      0.024     0.022  -0.416   -0.329
42    300                SN_mom12  10  21  False   0.672     0.020    0.021    0.829      0.038     0.007  -0.516   -0.507
8     300         C2_mom+rev+52wh  10   5  False   0.442     0.010    0.012    0.819      0.029     0.020  -0.476   -0.406
14    300         C2_mom+rev+52wh  25  21  False   0.741     0.014    0.016    0.794      0.020     0.020  -0.363   -0.308
66    300                   SN_C1  10  21  False   0.591     0.015    0.013    0.790      0.030     0.030  -0.506   -0.392
0     300              C1_mom+rev  10   5  False   0.565     0.015    0.017    0.771      0.031     0.024  -0.512   -0.423
64    300                   SN_C1  10   5  False   0.457     0.012    0.013    0.771      0.030     0.025  -0.529   -0.446
82   1000         C2_mom+rev+52wh  10  21  False   0.743     0.020    0.016    0.766      0.025     0.028  -0.471   -0.381
     top_n                     sig   k   h   gate  dev_sh  dev_mean  dev_med  hold_sh  hold_mean  hold_med  dev_dd  hold_dd  min_sh
86    1000         C2_mom+rev+52wh  25  21  False   0.755     0.018    0.017    0.829      0.024     0.022  -0.416   -0.329   0.755
82    1000         C2_mom+rev+52wh  10  21  False   0.743     0.020    0.016    0.766      0.025     0.028  -0.471   -0.381   0.743
14     300         C2_mom+rev+52wh  25  21  False   0.741     0.014    0.016    0.794      0.020     0.020  -0.363   -0.308   0.741
46     300                SN_mom12  25  21  False   0.768     0.018    0.012    0.740      0.025     0.019  -0.460   -0.399   0.740
78    1000              C1_mom+rev  25  21  False   0.775     0.020    0.017    0.738      0.024     0.033  -0.469   -0.362   0.738
74    1000              C1_mom+rev  10  21  False   0.838     0.025    0.014    0.737      0.027     0.040  -0.532   -0.382   0.737
18     300  C3_mom+rev+52wh+lowvol  10  21  False   0.734     0.011    0.012    0.886      0.014     0.013  -0.321   -0.206   0.734
48     300                 SN_mom6  10   5  False   0.729     0.021    0.018    0.832      0.034     0.041  -0.526   -0.464   0.729
44     300                SN_mom12  25   5  False   0.729     0.017    0.012    0.728      0.025     0.022  -0.450   -0.430   0.728
6      300              C1_mom+rev  25  21  False   0.713     0.015    0.015    0.736      0.022     0.023  -0.422   -0.362   0.713
22     300  C3_mom+rev+52wh+lowvol  25  21  False   0.811     0.011    0.014    0.713      0.010     0.016  -0.312   -0.186   0.713
40     300                SN_mom12  10   5  False   0.704     0.022    0.016    0.749      0.033     0.001  -0.488   -0.494   0.704
36     300          C5_mom+idiovol  25   5  False   0.690     0.018    0.013    0.708      0.028     0.026  -0.494   -0.442   0.690
10     300         C2_mom+rev+52wh  10  21  False   0.687     0.015    0.015    0.936      0.031     0.025  -0.440   -0.360   0.687
114   1000                SN_mom12  10  21  False   0.815     0.030    0.017    0.686      0.029     0.014  -0.650   -0.492   0.686
