99 candidate symbols
skip (crypto-like) BNBUSDT 2017-11-06 00:00:00+00:00
skip (crypto-like) DGBUSDT 2020-07-20 00:00:00+00:00
skip (crypto-like) TRBUSDT 2020-08-29 00:00:00+00:00
skip (crypto-like) MOBUSDT 2022-04-29 00:00:00+00:00
skip (crypto-like) PHBUSDT 2022-11-18 00:00:00+00:00
skip (crypto-like) AMBUSDT 2023-03-03 00:00:00+00:00
skip (crypto-like) ARBUSDT 2023-03-23 00:00:00+00:00
skip (crypto-like) BBUSDT 2024-05-13 00:00:00+00:00
91 stock tokens kept
MUBUSDT MU TRADING
CRCLBUSDT CRCL TRADING
NVDABUSDT NVDA TRADING
SNDKBUSDT SNDK TRADING
TSLABUSDT TSLA TRADING
SPCXBUSDT SPCX TRADING
AMDBUSDT AMD TRADING
EWYBUSDT EWY TRADING
INTCBUSDT INTC TRADING
MSTRBUSDT MSTR TRADING
LITEBUSDT LITE TRADING
METABUSDT META TRADING
MSFTBUSDT MSFT TRADING
PLTRBUSDT PLTR TRADING
QQQBUSDT QQQ TRADING
CBRSBUSDT CBRS TRADING
COINBUSDT COIN TRADING
DRAMBUSDT DRAM TRADING
GLWBUSDT GLW TRADING
GOOGLBUSDT GOOGL TRADING
NBISBUSDT NBIS TRADING
QCOMBUSDT QCOM TRADING
SOXLBUSDT SOXL TRADING
SPYBUSDT SPY TRADING
WDCBUSDT WDC TRADING
SKHYBUSDT SKHY TRADING
AAOIBUSDT AAOI TRADING
ARMBUSDT ARM TRADING
AVGOBUSDT AVGO TRADING
BABABUSDT BABA TRADING
HOODBUSDT HOOD TRADING
IBMBUSDT IBM TRADING
MRVLBUSDT MRVL TRADING
NOKBUSDT NOK TRADING
TSMBUSDT TSM TRADING
RKLBBUSDT RKLB TRADING
AXTIBUSDT AXTI TRADING
CRWVBUSDT CRWV TRADING
INTWBUSDT INTW TRADING
KORUBUSDT KORU TRADING
MUUBUSDT MUU TRADING
MVLLBUSDT MVLL TRADING
ORCLBUSDT ORCL TRADING
QNTBUSDT QNT TRADING
SNXXBUSDT SNXX TRADING
TQQQBUSDT TQQQ TRADING
AAPLBUSDT AAPL TRADING
AMATBUSDT AMAT TRADING
AMZNBUSDT AMZN TRADING
BEBUSDT BE TRADING
DELLBUSDT DELL TRADING
FLNCBUSDT FLNC TRADING
GSBUSDT GS TRADING
PYPLBUSDT PYPL TRADING
SMHBUSDT SMH TRADING
SOXSBUSDT SOXS TRADING
ASMLBUSDT ASML TRADING
ASTSBUSDT ASTS TRADING
BMNRBUSDT BMNR TRADING
COHRBUSDT COHR TRADING
CRDOBUSDT CRDO TRADING
IRENBUSDT IREN TRADING
NFLXBUSDT NFLX TRADING
SMCIBUSDT SMCI TRADING
USARBUSDT USAR TRADING
ALABBUSDT ALAB TRADING
GMEBUSDT GME TRADING
DJTBUSDT DJT TRADING
CRWDBUSDT CRWD TRADING
MRNABUSDT MRNA TRADING
SQQQBUSDT SQQQ TRADING
STXBUSDT STX TRADING
CRMBUSDT CRM TRADING
HIMSBUSDT HIMS TRADING
BNCBUSDT BNC TRADING
GPROBUSDT GPRO TRADING
RDDTBUSDT RDDT TRADING
AGPUBUSDT AGPU TRADING
AMCBUSDT AMC TRADING
CYPHBUSDT CYPH TRADING
ADBEBUSDT ADBE TRADING
FWDIBUSDT FWDI TRADING
HPEBUSDT HPE TRADING
PDDBUSDT PDD TRADING
SHAZBUSDT SHAZ TRADING
WENBUSDT WEN TRADING
ZMBUSDT ZM TRADING
USDEBUSDT USDE TRADING
SECZBUSDT SECZ TRADING
LLYBUSDT LLY TRADING
JPMBUSDT JPM TRADING
DONE
