[BASELINE]
   dev  Sh  0.78 | med/mo  2.15% | mean/mo  2.24% | >5%mo  33% | maxDD  -53.2% | Calmar 0.46 | worst mo  -22.2% | vol   38%
   hold Sh  0.83 | med/mo  5.61% | mean/mo  3.49% | >5%mo  51% | maxDD  -46.0% | Calmar 0.79 | worst mo  -25.3% | vol   58%
   all  Sh  0.78 | med/mo  2.31% | mean/mo  2.64% | >5%mo  39% | maxDD  -53.2% | Calmar 0.53 | worst mo  -25.3% | vol   45%
  done base_replica_k10_eq                          3s
  done iv_vol20_cap25                               5s
  done iv_vol20_cap20                               6s
  done iv_vol20_cap15                               8s
  done iv_vol60_cap25                               9s
  done iv_vol60_cap20                              11s
  done iv_vol60_cap15                              12s
  done iv_atr14_cap25                              15s
  done iv_atr14_cap20                              18s
  done iv_atr14_cap15                              20s
  done eq_k15                                      21s
  done eq_k20                                      23s
  done eq_k30                                      24s
  done eq_k10_vcap80                               26s
  done eq_k10_vcap100                              28s
  done eq_k10_vcap120                              30s
  done eq_k10_sec3                                 31s
  done eq_k10_sec2                                 33s
  done mix_m300_70_ring_30                         35s
  done mix_m300_50_ring_50                         38s
  done eq_k10_m1000                                40s
  done k15_iv60_cap20                              41s
  done k20_iv60_cap15                              43s
  done k15_iv60_cap20_vcap100                      44s
  done k10_iv60_cap20_vcap100_sec3                 47s
  done k20_eq_vcap100_sec3                         49s

=== ranked by pre-registered DEV objective (HOLD shown for information, never used to select) ===
                       name  score  dev_sharpe  dev_med_m  dev_maxdd  hold_sharpe  hold_med_m  hold_maxdd  all_sharpe  all_maxdd  avg_gross  turn
k10_iv60_cap20_vcap100_sec3  0.718       0.922      0.024     -0.408        0.888       0.046      -0.427       0.894     -0.427        1.0 0.130
              eq_k10_vcap80  0.704       0.901      0.025     -0.394        0.916       0.045      -0.428       0.898     -0.428        1.0 0.116
     k15_iv60_cap20_vcap100  0.647       0.841      0.019     -0.389        0.731       0.036      -0.418       0.783     -0.418        1.0 0.119
             iv_vol20_cap20   -inf       0.791      0.017     -0.570        0.860       0.042      -0.449       0.801     -0.570        1.0 0.128
             iv_vol60_cap25   -inf       0.801      0.024     -0.565        0.833       0.036      -0.467       0.796     -0.565        1.0 0.124
             iv_vol60_cap20   -inf       0.802      0.024     -0.565        0.832       0.036      -0.473       0.797     -0.565        1.0 0.124
             iv_vol60_cap15   -inf       0.810      0.023     -0.566        0.833       0.035      -0.479       0.801     -0.566        1.0 0.121
             iv_vol20_cap15   -inf       0.787      0.017     -0.571        0.867       0.043      -0.455       0.802     -0.571        1.0 0.125
        base_replica_k10_eq   -inf       0.776      0.021     -0.532        0.825       0.056      -0.460       0.779     -0.532        1.0 0.109
             iv_vol20_cap25   -inf       0.791      0.017     -0.569        0.858       0.043      -0.448       0.801     -0.569        1.0 0.129
             iv_atr14_cap15   -inf       0.834      0.021     -0.546        0.816       0.031      -0.461       0.807     -0.546        1.0 0.122
             iv_atr14_cap20   -inf       0.831      0.021     -0.545        0.812       0.032      -0.455       0.804     -0.545        1.0 0.124
             iv_atr14_cap25   -inf       0.827      0.021     -0.545        0.810       0.032      -0.454       0.802     -0.545        1.0 0.124
                     eq_k15   -inf       0.761      0.020     -0.477        0.730       0.044      -0.444       0.731     -0.477        1.0 0.104
             eq_k10_vcap100   -inf       0.867      0.023     -0.428        0.976       0.041      -0.443       0.896     -0.443        1.0 0.114
             eq_k10_vcap120   -inf       0.819      0.021     -0.440        0.901       0.034      -0.458       0.836     -0.467        1.0 0.112
                     eq_k20   -inf       0.741      0.021     -0.438        0.716       0.035      -0.438       0.714     -0.464        1.0 0.100
                     eq_k30   -inf       0.728      0.021     -0.383        0.597       0.024      -0.425       0.659     -0.457        1.0 0.095
                eq_k10_sec2   -inf       0.747      0.024     -0.532        0.867       0.049      -0.450       0.782     -0.532        1.0 0.115
                eq_k10_sec3   -inf       0.776      0.023     -0.532        0.850       0.049      -0.463       0.791     -0.532        1.0 0.112
        mix_m300_70_ring_30   -inf       0.799      0.023     -0.485        0.720       0.034      -0.452       0.754     -0.485        1.0 0.111
        mix_m300_50_ring_50   -inf       0.790      0.018     -0.510        0.633       0.015      -0.454       0.718     -0.510        1.0 0.112
             k15_iv60_cap20   -inf       0.774      0.019     -0.461        0.672       0.024      -0.451       0.715     -0.461        1.0 0.119
               eq_k10_m1000   -inf       0.697      0.022     -0.554        0.470      -0.003      -0.506       0.603     -0.634        1.0 0.119
             k20_iv60_cap15   -inf       0.739      0.020     -0.403        0.658       0.028      -0.438       0.690     -0.450        1.0 0.114
        k20_eq_vcap100_sec3   -inf       0.818      0.018     -0.403        0.750       0.020      -0.393       0.782     -0.403        1.0 0.108

Baseline: baseline                                     DEV Sh 0.78 med  2.1% DD -53.2% | HOLD Sh 0.83 med  5.6% DD -46.0% | ALL Sh 0.78 DD -53.2%

perturbation guard for k10_iv60_cap20_vcap100_sec3
   perturbation after 2014-03-14: max |dW| on earlier rows = 0.00e+00
   perturbation after 2017-10-02: max |dW| on earlier rows = 0.00e+00
   perturbation after 2020-06-17: max |dW| on earlier rows = 0.00e+00
   perturbation after 2022-06-14: max |dW| on earlier rows = 0.00e+00
   perturbation after 2025-08-12: max |dW| on earlier rows = 0.00e+00
perturbation check: OK (worst 0.00e+00)

perturbation guard for eq_k10_vcap80
   perturbation after 2014-03-14: max |dW| on earlier rows = 0.00e+00
   perturbation after 2017-10-02: max |dW| on earlier rows = 0.00e+00
   perturbation after 2020-06-17: max |dW| on earlier rows = 0.00e+00
   perturbation after 2022-06-14: max |dW| on earlier rows = 0.00e+00
   perturbation after 2025-08-12: max |dW| on earlier rows = 0.00e+00
perturbation check: OK (worst 0.00e+00)

perturbation guard for k15_iv60_cap20_vcap100
   perturbation after 2014-03-14: max |dW| on earlier rows = 0.00e+00
   perturbation after 2017-10-02: max |dW| on earlier rows = 0.00e+00
   perturbation after 2020-06-17: max |dW| on earlier rows = 0.00e+00
   perturbation after 2022-06-14: max |dW| on earlier rows = 0.00e+00
   perturbation after 2025-08-12: max |dW| on earlier rows = 0.00e+00
perturbation check: OK (worst 0.00e+00)
summary -> /home/user/quant_crypto_strategy/new-exp/results/r8/sizing_summary.json
