[BASELINE]
   dev  Sh  0.78 | med/mo  2.15% | mean/mo  2.24% | >5%mo  33% | maxDD  -53.2% | Calmar 0.46 | worst mo  -22.2% | vol   38%
   hold Sh  0.83 | med/mo  5.61% | mean/mo  3.49% | >5%mo  51% | maxDD  -46.0% | Calmar 0.79 | worst mo  -25.3% | vol   58%
   all  Sh  0.78 | med/mo  2.31% | mean/mo  2.64% | >5%mo  39% | maxDD  -53.2% | Calmar 0.53 | worst mo  -25.3% | vol   45%
  done own10_q50                                    3s
  done own10_q65                                    6s
  done own10_q80                                   10s
  done own20_q50                                   13s
  done own20_q65                                   17s
  done own20_q80                                   20s
  done own40_q50                                   23s
  done own40_q65                                   27s
  done own40_q80                                   31s
  done own60_q50                                   35s
  done own60_q65                                   39s
  done own60_q80                                   44s
  done ewma94_q50                                  47s
  done ewma94_q65                                  50s
  done ewma94_q80                                  55s
  done ewma97_q50                                  57s
  done ewma97_q65                                  61s
  done ewma97_q80                                  65s
  done held20_q50                                  67s
  done held20_q65                                  69s
  done held20_q80                                  72s
  done disp21_q50                                  74s
  done disp21_q65                                  78s
  done disp21_q80                                  80s
  done own20_exp50                                 83s
  done own20_exp65                                 88s
  done own20_exp80                                 91s
  done own60_exp50                                 94s
  done own60_exp65                                 97s
  done own60_exp80                                100s

=== ranked by pre-registered DEV objective (HOLD shown for information, never used to select) ===
       name  score  dev_sharpe  dev_med_m  dev_maxdd  hold_sharpe  hold_med_m  hold_maxdd  all_sharpe  all_maxdd  avg_gross  turn
  own10_q65  0.745       0.908      0.020     -0.327        0.795       0.030      -0.301       0.863     -0.344      0.822 0.105
  own20_q65  0.729       0.885      0.020     -0.312        0.928       0.035      -0.275       0.897     -0.364      0.822 0.097
own20_exp80  0.724       0.880      0.021     -0.312        0.921       0.048      -0.358       0.880     -0.397      0.896 0.103
own20_exp65  0.716       0.875      0.021     -0.320        0.934       0.038      -0.289       0.888     -0.370      0.822 0.097
  own10_q80  0.711       0.884      0.020     -0.346        0.817       0.039      -0.359       0.850     -0.368      0.898 0.109
  own20_q80  0.701       0.868      0.021     -0.334        0.907       0.044      -0.343       0.874     -0.401      0.895 0.102
 ewma94_q65  0.700       0.859      0.021     -0.317        0.832       0.030      -0.277       0.846     -0.350      0.810 0.093
 ewma94_q80  0.682       0.855      0.021     -0.347        0.829       0.040      -0.356       0.836     -0.395      0.896 0.101
  own40_q65  0.677       0.835      0.021     -0.317        0.884       0.030      -0.287       0.850     -0.344      0.818 0.092
 held20_q65  0.672       0.841      0.022     -0.340        0.944       0.037      -0.264       0.875     -0.340      0.835 0.099
 held20_q80  0.667       0.847      0.022     -0.360        0.931       0.046      -0.324       0.872     -0.375      0.900 0.104
  own40_q80  0.651       0.832      0.021     -0.360        0.864       0.037      -0.341       0.837     -0.386      0.880 0.098
 ewma97_q80  0.611       0.806      0.021     -0.390        0.787       0.040      -0.372       0.789     -0.424      0.910 0.101
own60_exp80  0.593       0.777      0.021     -0.369        0.763       0.035      -0.362       0.755     -0.434      0.897 0.099
  own60_q80  0.571       0.780      0.021     -0.418        0.758       0.035      -0.361       0.762     -0.437      0.909 0.100
  own60_q65   -inf       0.784      0.020     -0.351        0.803       0.025      -0.278       0.788     -0.364      0.808 0.090
 ewma94_q50   -inf       0.846      0.021     -0.331        0.826       0.025      -0.235       0.839     -0.331      0.743 0.087
  own60_q50   -inf       0.785      0.020     -0.315        0.814       0.021      -0.240       0.794     -0.316      0.749 0.084
  own10_q50   -inf       0.883      0.020     -0.333        0.757       0.024      -0.271       0.837     -0.333      0.761 0.102
  own20_q50   -inf       0.870      0.021     -0.323        0.935       0.029      -0.236       0.892     -0.323      0.750 0.090
  own40_q50   -inf       0.829      0.020     -0.316        0.905       0.025      -0.238       0.854     -0.316      0.744 0.085
 ewma97_q65   -inf       0.813      0.021     -0.316        0.796       0.028      -0.281       0.805     -0.329      0.796 0.089
 disp21_q50   -inf       0.789      0.021     -0.430        0.787       0.041      -0.335       0.782     -0.430      0.837 0.111
 held20_q50   -inf       0.835      0.021     -0.326        0.952       0.031      -0.225       0.874     -0.326      0.770 0.094
 ewma97_q50   -inf       0.811      0.021     -0.315        0.792       0.025      -0.250       0.804     -0.315      0.748 0.084
 disp21_q65   -inf       0.781      0.022     -0.465        0.790       0.042      -0.365       0.777     -0.465      0.882 0.113
own20_exp50   -inf       0.872      0.021     -0.316        0.950       0.032      -0.248       0.896     -0.323      0.756 0.091
 disp21_q80   -inf       0.764      0.021     -0.504        0.806       0.048      -0.407       0.771     -0.504      0.925 0.114
own60_exp50   -inf       0.791      0.020     -0.313        0.823       0.022      -0.260       0.799     -0.330      0.769 0.086
own60_exp65   -inf       0.791      0.020     -0.339        0.804       0.026      -0.302       0.787     -0.381      0.829 0.092

Baseline: baseline                                     DEV Sh 0.78 med  2.1% DD -53.2% | HOLD Sh 0.83 med  5.6% DD -46.0% | ALL Sh 0.78 DD -53.2%

perturbation guard for own10_q65
   perturbation after 2014-03-14: max |dW| on earlier rows = 0.00e+00
   perturbation after 2017-10-02: max |dW| on earlier rows = 0.00e+00
   perturbation after 2020-06-17: max |dW| on earlier rows = 0.00e+00
   perturbation after 2022-06-14: max |dW| on earlier rows = 0.00e+00
   perturbation after 2025-08-12: max |dW| on earlier rows = 0.00e+00
perturbation check: OK (worst 0.00e+00)

perturbation guard for own20_q65
   perturbation after 2014-03-14: max |dW| on earlier rows = 0.00e+00
   perturbation after 2017-10-02: max |dW| on earlier rows = 0.00e+00
   perturbation after 2020-06-17: max |dW| on earlier rows = 0.00e+00
   perturbation after 2022-06-14: max |dW| on earlier rows = 0.00e+00
   perturbation after 2025-08-12: max |dW| on earlier rows = 0.00e+00
perturbation check: OK (worst 0.00e+00)

perturbation guard for own20_exp80
   perturbation after 2014-03-14: max |dW| on earlier rows = 0.00e+00
   perturbation after 2017-10-02: max |dW| on earlier rows = 0.00e+00
   perturbation after 2020-06-17: max |dW| on earlier rows = 0.00e+00
   perturbation after 2022-06-14: max |dW| on earlier rows = 0.00e+00
   perturbation after 2025-08-12: max |dW| on earlier rows = 0.00e+00
perturbation check: OK (worst 0.00e+00)
summary -> /home/user/quant_crypto_strategy/new-exp/results/r8/voltarget_summary.json
