rsi2<10 up200 exit>sma5 9s
gapup2atr rvol3 11s
donchian20 rvol1.5 trail3 12s
52wh rvol1.5 trail3 14s
leader dip 16s
leaders 20d-high trail4 17s
bigup rvol2 hold10 19s
                         name   K  hold  stop  trail   gate   ntr  avg_tr   expo  dev_sh  dev_med  dev_mean  hold_sh  hold_med  hold_mean  dev_dd  hold_dd
29                 leader dip  20     5   0.0    0.0   True  2094   0.007  0.123   0.851    0.003     0.005    0.494     0.001      0.002  -0.093   -0.083
27                 leader dip  10     5   0.0    0.0   True  1913   0.007  0.226   0.834    0.006     0.008    0.628     0.002      0.005  -0.153   -0.137
6             gapup2atr rvol3   5    10   0.0    0.0  False   796   0.007  0.375   0.753    0.003     0.007    0.252    -0.001      0.003  -0.180   -0.269
23        52wh rvol1.5 trail3  20    60   3.0    3.0   True  2603   0.010  0.782   0.712    0.005     0.008    0.391     0.000      0.005  -0.193   -0.215
13  donchian20 rvol1.5 trail3   5    60   3.0    3.0   True   782   0.016  0.843   0.696    0.007     0.013    0.755     0.000      0.015  -0.380   -0.290
14  donchian20 rvol1.5 trail3  10    60   3.0    3.0  False  1651   0.013  0.917   0.695    0.006     0.010    0.806     0.011      0.015  -0.304   -0.319
22        52wh rvol1.5 trail3  20    60   3.0    3.0  False  2797   0.007  0.830   0.695    0.007     0.007    0.083     0.002      0.001  -0.193   -0.227
16  donchian20 rvol1.5 trail3  20    60   3.0    3.0  False  3101   0.009  0.887   0.691    0.011     0.008    0.381    -0.002      0.005  -0.196   -0.249
12  donchian20 rvol1.5 trail3   5    60   3.0    3.0  False   855   0.013  0.929   0.684    0.009     0.013    0.582     0.008      0.012  -0.376   -0.362
15  donchian20 rvol1.5 trail3  10    60   3.0    3.0   True  1497   0.013  0.839   0.681    0.006     0.010    0.796     0.001      0.014  -0.307   -0.234
25                 leader dip   5     5   0.0    0.0   True  1464   0.005  0.349   0.662    0.009     0.009    0.682     0.004      0.009  -0.344   -0.179
17  donchian20 rvol1.5 trail3  20    60   3.0    3.0   True  2844   0.009  0.822   0.659    0.005     0.008    0.391     0.000      0.005  -0.213   -0.243
30    leaders 20d-high trail4   5    80   4.0    4.0  False   554   0.033  0.864   0.651    0.020     0.014    0.743     0.033      0.023  -0.412   -0.389
7             gapup2atr rvol3   5    10   0.0    0.0   True   719   0.008  0.345   0.643    0.003     0.005    0.451     0.000      0.006  -0.183   -0.224
28                 leader dip  20     5   0.0    0.0  False  2665   0.007  0.150   0.616    0.004     0.005    0.569     0.005      0.004  -0.193   -0.129
8             gapup2atr rvol3  10    10   0.0    0.0  False   906   0.006  0.217   0.606    0.002     0.003    0.215    -0.000      0.002  -0.118   -0.159
21        52wh rvol1.5 trail3  10    60   3.0    3.0   True  1406   0.009  0.818   0.606    0.007     0.008    0.434     0.002      0.007  -0.222   -0.242
34    leaders 20d-high trail4  20    80   4.0    4.0  False  1899   0.019  0.757   0.598    0.009     0.008    0.696     0.018      0.015  -0.217   -0.291
26                 leader dip  10     5   0.0    0.0  False  2368   0.006  0.267   0.584    0.008     0.007    0.729     0.009      0.009  -0.242   -0.180
10            gapup2atr rvol3  20    10   0.0    0.0  False   929   0.007  0.112   0.554    0.001     0.002    0.352    -0.000      0.001  -0.070   -0.079
31    leaders 20d-high trail4   5    80   4.0    4.0   True   513   0.029  0.806   0.553    0.009     0.012    0.664     0.014      0.020  -0.453   -0.379
33    leaders 20d-high trail4  10    80   4.0    4.0   True   963   0.019  0.782   0.549    0.013     0.009    0.435     0.014      0.011  -0.291   -0.377
20        52wh rvol1.5 trail3  10    60   3.0    3.0  False  1551   0.005  0.882   0.547    0.007     0.007    0.117     0.009      0.001  -0.265   -0.270
35    leaders 20d-high trail4  20    80   4.0    4.0   True  1761   0.018  0.702   0.544    0.007     0.007    0.599     0.010      0.012  -0.217   -0.292
32    leaders 20d-high trail4  10    80   4.0    4.0  False  1048   0.018  0.839   0.533    0.019     0.009    0.436     0.023      0.011  -0.295   -0.380
19        52wh rvol1.5 trail3   5    60   3.0    3.0   True   727   0.007  0.827   0.517    0.002     0.008    0.186     0.000      0.003  -0.350   -0.320
9             gapup2atr rvol3  10    10   0.0    0.0   True   824   0.006  0.201   0.497    0.001     0.003    0.350     0.000      0.002  -0.126   -0.159
24                 leader dip   5     5   0.0    0.0  False  1778   0.005  0.406   0.472    0.010     0.007    0.802     0.013      0.014  -0.422   -0.243
11            gapup2atr rvol3  20    10   0.0    0.0   True   847   0.007  0.104   0.459    0.001     0.001    0.492     0.000      0.002  -0.087   -0.070
18        52wh rvol1.5 trail3   5    60   3.0    3.0  False   830   0.002  0.906   0.399    0.003     0.006   -0.004     0.005     -0.001  -0.356   -0.351

By holdout:
                         name   K  hold  stop  trail   gate   ntr  avg_tr   expo  dev_sh  dev_med  dev_mean  hold_sh  hold_med  hold_mean  dev_dd  hold_dd
14  donchian20 rvol1.5 trail3  10    60   3.0    3.0  False  1651   0.013  0.917   0.695    0.006     0.010    0.806     0.011      0.015  -0.304   -0.319
24                 leader dip   5     5   0.0    0.0  False  1778   0.005  0.406   0.472    0.010     0.007    0.802     0.013      0.014  -0.422   -0.243
15  donchian20 rvol1.5 trail3  10    60   3.0    3.0   True  1497   0.013  0.839   0.681    0.006     0.010    0.796     0.001      0.014  -0.307   -0.234
13  donchian20 rvol1.5 trail3   5    60   3.0    3.0   True   782   0.016  0.843   0.696    0.007     0.013    0.755     0.000      0.015  -0.380   -0.290
30    leaders 20d-high trail4   5    80   4.0    4.0  False   554   0.033  0.864   0.651    0.020     0.014    0.743     0.033      0.023  -0.412   -0.389
26                 leader dip  10     5   0.0    0.0  False  2368   0.006  0.267   0.584    0.008     0.007    0.729     0.009      0.009  -0.242   -0.180
34    leaders 20d-high trail4  20    80   4.0    4.0  False  1899   0.019  0.757   0.598    0.009     0.008    0.696     0.018      0.015  -0.217   -0.291
25                 leader dip   5     5   0.0    0.0   True  1464   0.005  0.349   0.662    0.009     0.009    0.682     0.004      0.009  -0.344   -0.179
31    leaders 20d-high trail4   5    80   4.0    4.0   True   513   0.029  0.806   0.553    0.009     0.012    0.664     0.014      0.020  -0.453   -0.379
37         bigup rvol2 hold10   5    10   0.0    0.0   True  1116   0.004  0.539  -0.005    0.000    -0.000    0.635     0.005      0.011  -0.567   -0.294
27                 leader dip  10     5   0.0    0.0   True  1913   0.007  0.226   0.834    0.006     0.008    0.628     0.002      0.005  -0.153   -0.137
36         bigup rvol2 hold10   5    10   0.0    0.0  False  1236   0.005  0.587   0.139    0.003     0.002    0.627     0.012      0.011  -0.454   -0.364
35    leaders 20d-high trail4  20    80   4.0    4.0   True  1761   0.018  0.702   0.544    0.007     0.007    0.599     0.010      0.012  -0.217   -0.292
12  donchian20 rvol1.5 trail3   5    60   3.0    3.0  False   855   0.013  0.929   0.684    0.009     0.013    0.582     0.008      0.012  -0.376   -0.362
28                 leader dip  20     5   0.0    0.0  False  2665   0.007  0.150   0.616    0.004     0.005    0.569     0.005      0.004  -0.193   -0.129
