1000 done
2000 done
3000 done
    top_n       sig   k   h  dev_sh  dev_mean  dev_med  hold_sh  hold_mean  hold_med  est_spread_bps
57   3000      rev5  10  21   1.705     0.057    0.044    0.376      0.014     0.018         173.962
67   3000   highvol  25  21   1.566     0.072    0.042    0.105      0.001     0.000         228.063
66   3000   highvol  25   5   1.448     0.065    0.042    0.032     -0.002     0.003         234.192
65   3000   highvol  10  21   1.435     0.132    0.059   -0.291     -0.019    -0.031         247.530
59   3000      rev5  25  21   1.428     0.038    0.031    0.319      0.009     0.005         153.181
64   3000   highvol  10   5   1.377     0.111    0.048   -0.397     -0.027    -0.044         257.989
56   3000      rev5  10   5   1.370     0.075    0.053    0.092      0.000    -0.015         168.587
58   3000      rev5  25   5   1.343     0.046    0.036    0.118      0.002    -0.001         149.506
33   2000      rev5  10  21   1.328     0.041    0.024    0.330      0.009     0.015         146.890
43   2000   highvol  25  21   1.315     0.050    0.035    0.483      0.017     0.015         197.171
41   2000   highvol  10  21   1.277     0.065    0.056    0.469      0.016    -0.003         215.564
42   2000   highvol  25   5   1.240     0.049    0.029    0.419      0.014     0.025         201.616
32   2000      rev5  10   5   1.189     0.048    0.040    0.353      0.011     0.011         142.445
40   2000   highvol  10   5   1.187     0.062    0.046    0.530      0.020     0.012         223.380
61   3000  rev1_atr  10  21   1.176     0.017    0.019    0.351      0.005     0.005          68.765
63   3000  rev1_atr  25  21   1.107     0.016    0.020    0.403      0.006     0.003          71.206
35   2000      rev5  25  21   1.089     0.029    0.028    0.340      0.009     0.016         131.901
37   2000  rev1_atr  10  21   1.019     0.015    0.019    0.419      0.006     0.002          68.038
34   2000      rev5  25   5   1.010     0.031    0.029    0.336      0.009     0.018         128.772
55   3000  mom_12_1  25  21   0.998     0.037    0.023    0.605      0.021     0.022         145.183
54   3000  mom_12_1  25   5   0.990     0.032    0.019    0.587      0.020     0.027         146.957
39   2000  rev1_atr  25  21   0.988     0.015    0.020    0.423      0.006     0.007          69.134
50   3000   mom_6_1  25   5   0.984     0.032    0.023    0.456      0.014     0.017         157.064
51   3000   mom_6_1  25  21   0.971     0.036    0.013    0.423      0.012     0.025         154.040
71   3000    high52  25  21   0.958     0.012    0.015    0.389      0.005     0.005          63.626
    top_n       sig   k   h  dev_sh  dev_mean  dev_med  hold_sh  hold_mean  hold_med  est_spread_bps
7    1000  mom_12_1  25  21   0.699     0.021    0.017    0.777      0.029     0.021         114.794
6    1000  mom_12_1  25   5   0.691     0.021    0.020    0.736      0.027     0.021         115.519
5    1000  mom_12_1  10  21   0.681     0.024    0.011    0.695      0.029     0.011         130.900
17   1000   highvol  10  21   0.905     0.039    0.023    0.652      0.028     0.017         160.003
53   3000  mom_12_1  10  21   0.769     0.058    0.017    0.644      0.025     0.028         158.509
3    1000   mom_6_1  25  21   0.793     0.023    0.013    0.638      0.022     0.017         111.922
29   2000  mom_12_1  10  21   0.574     0.019    0.014    0.616      0.024     0.018         153.682
31   2000  mom_12_1  25  21   0.771     0.023    0.017    0.614      0.022     0.020         139.502
55   3000  mom_12_1  25  21   0.998     0.037    0.023    0.605      0.021     0.022         145.183
4    1000  mom_12_1  10   5   0.680     0.025    0.010    0.592      0.023     0.008         132.258
54   3000  mom_12_1  25   5   0.990     0.032    0.019    0.587      0.020     0.027         146.957
30   2000  mom_12_1  25   5   0.794     0.024    0.014    0.567      0.020     0.009         140.926
2    1000   mom_6_1  25   5   0.737     0.021    0.016    0.553      0.019     0.009         112.926
48   3000   mom_6_1  10   5   0.821     0.041    0.010    0.545      0.019     0.029         174.948
16   1000   highvol  10   5   0.853     0.038    0.029    0.537      0.021     0.000         163.491
