universe top_n=300: 809 tickers ever selected; avg members 300
mom_12_1 3s
mom_6_1 6s
mom_3_0 10s
high52 13s
res_mom_12_1 16s
rev1 19s
rev5 23s
rev21 26s
rev1_atr 30s
rev_res1 33s
rev_res5 37s
rev_gap 40s
gap_up 44s
rev_lowclv 48s
clv_high 51s
vol_surge_dir 55s
vol_surge_rev 58s
lowvol 61s
highvol 65s
max_rev 68s
max_pos 71s
lowbeta 74s
highbeta 78s
idiovol_hi 81s
overnight_mom 85s
intraday_mom 88s
           signal   k   h  dev_sh  dev_med  dev_mean  hold_sh  hold_med  hold_mean   turn
130       lowbeta  25   5   1.277    0.010     0.014    0.182     0.005      0.001  0.063
131       lowbeta  25  21   1.186    0.011     0.014    0.386     0.010      0.004  0.036
129       lowbeta  25   1   1.135    0.010     0.013    0.024     0.005     -0.000  0.117
107        lowvol  25  21   1.113    0.012     0.011    0.460     0.004      0.004  0.032
104        lowvol  10  21   1.054    0.012     0.011    0.399     0.002      0.004  0.040
127       lowbeta  10   5   1.051    0.009     0.014    0.054     0.003      0.000  0.087
106        lowvol  25   5   1.049    0.012     0.010    0.347     0.004      0.003  0.057
116       max_rev  10  21   0.999    0.011     0.011    0.387     0.003      0.004  0.082
119       max_rev  25  21   0.982    0.013     0.011    0.308     0.004      0.003  0.072
20         high52  10  21   0.945    0.015     0.012    0.361     0.007      0.005  0.083
23         high52  25  21   0.942    0.011     0.012    0.422     0.005      0.005  0.072
128       lowbeta  10  21   0.936    0.008     0.012    0.233    -0.002      0.003  0.047
103        lowvol  10   5   0.918    0.009     0.009    0.241     0.003      0.002  0.076
126       lowbeta  10   1   0.875    0.008     0.012   -0.107    -0.003     -0.002  0.172
105        lowvol  25   1   0.867    0.010     0.009    0.236     0.004      0.002  0.103
86       clv_high  10  21   0.814    0.018     0.011    0.667     0.015      0.011  0.097
89       clv_high  25  21   0.811    0.018     0.011    0.600     0.011      0.009  0.091
17        mom_3_0  25  21   0.792    0.017     0.016    0.449     0.016      0.012  0.059
83     rev_lowclv  25  21   0.791    0.018     0.012    0.464     0.008      0.007  0.094
118       max_rev  25   5   0.788    0.010     0.009    0.137     0.004      0.001  0.148
53       rev1_atr  25  21   0.787    0.015     0.012    0.488     0.006      0.007  0.094
29   res_mom_12_1  25  21   0.780    0.013     0.018    0.861     0.034      0.032  0.040
7         mom_6_1  10   5   0.776    0.021     0.022    0.825     0.056      0.035  0.105
80     rev_lowclv  10  21   0.771    0.016     0.012    0.405     0.007      0.006  0.099
28   res_mom_12_1  25   5   0.762    0.014     0.018    0.851     0.039      0.031  0.068

By holdout Sharpe:
          signal   k   h  dev_sh  dev_med  dev_mean  hold_sh  hold_med  hold_mean   turn
2       mom_12_1  10  21   0.633    0.021     0.019    1.035     0.043      0.048  0.045
1       mom_12_1  10   5   0.640    0.018     0.019    0.952     0.032      0.043  0.078
5       mom_12_1  25  21   0.719    0.015     0.017    0.946     0.032      0.034  0.040
0       mom_12_1  10   1   0.673    0.018     0.020    0.934     0.029      0.042  0.155
26  res_mom_12_1  10  21   0.728    0.022     0.022    0.920     0.045      0.044  0.044
4       mom_12_1  25   5   0.703    0.016     0.016    0.901     0.031      0.032  0.069
8        mom_6_1  10  21   0.712    0.022     0.020    0.884     0.041      0.038  0.056
3       mom_12_1  25   1   0.673    0.015     0.016    0.869     0.023      0.031  0.138
29  res_mom_12_1  25  21   0.780    0.013     0.018    0.861     0.034      0.032  0.040
28  res_mom_12_1  25   5   0.762    0.014     0.018    0.851     0.039      0.031  0.068
25  res_mom_12_1  10   5   0.752    0.023     0.023    0.847     0.039      0.040  0.075
7        mom_6_1  10   5   0.776    0.021     0.022    0.825     0.056      0.035  0.105
24  res_mom_12_1  10   1   0.724    0.023     0.022    0.799     0.023      0.037  0.144
27  res_mom_12_1  25   1   0.735    0.017     0.017    0.797     0.019      0.029  0.131
6        mom_6_1  10   1   0.623    0.017     0.018    0.767     0.041      0.032  0.221
[EW top300 daily rebalanced]
   dev   Sh 0.93 | med/mo  1.88% | mean/mo  1.34% | CAGR   15.9% | DD  -36.6% | >5% mo  12% | pos mo  68% | n 2517
   hold  Sh 0.58 | med/mo  1.21% | mean/mo  0.94% | CAGR   10.6% | DD  -29.0% | >5% mo  23% | pos mo  63% | n 1194
   all   Sh 0.76 | med/mo  1.52% | mean/mo  1.20% | CAGR   13.8% | DD  -36.6% | >5% mo  17% | pos mo  63% | n 4720
