universe top_n=1000: 2123 tickers ever selected; avg members 1000
mom_12_1 13s
mom_6_1 24s
mom_3_0 36s
high52 46s
res_mom_12_1 57s
rev1 69s
rev5 81s
rev21 93s
rev1_atr 104s
rev_res1 116s
rev_res5 127s
rev_gap 139s
gap_up 150s
rev_lowclv 162s
clv_high 173s
vol_surge_dir 184s
vol_surge_rev 195s
lowvol 208s
highvol 219s
max_rev 231s
max_pos 243s
lowbeta 254s
highbeta 265s
idiovol_hi 277s
overnight_mom 289s
intraday_mom 301s
           signal   k   h  dev_sh  dev_med  dev_mean  hold_sh  hold_med  hold_mean   turn
130       lowbeta  25   5   1.150    0.015     0.016    0.002     0.000     -0.001  0.087
129       lowbeta  25   1   1.074    0.011     0.015   -0.057     0.002     -0.002  0.166
131       lowbeta  25  21   1.039    0.013     0.014    0.111     0.003      0.001  0.048
126       lowbeta  10   1   1.026    0.016     0.022   -0.129    -0.007     -0.003  0.204
127       lowbeta  10   5   0.986    0.014     0.020   -0.064     0.003     -0.002  0.107
107        lowvol  25  21   0.949    0.011     0.009    0.432     0.006      0.004  0.038
138    idiovol_hi  10   1   0.947    0.023     0.042    0.673     0.043      0.028  0.124
140    idiovol_hi  10  21   0.909    0.027     0.038    0.731     0.022      0.031  0.060
110       highvol  10  21   0.905    0.023     0.039    0.652     0.017      0.028  0.059
23         high52  25  21   0.881    0.014     0.011    0.424     0.006      0.006  0.085
119       max_rev  25  21   0.872    0.011     0.010    0.170     0.007      0.001  0.082
139    idiovol_hi  10   5   0.862    0.025     0.037    0.703     0.031      0.030  0.088
116       max_rev  10  21   0.860    0.011     0.010    0.270     0.003      0.003  0.086
106        lowvol  25   5   0.855    0.011     0.008    0.398     0.004      0.004  0.070
109       highvol  10   5   0.853    0.029     0.038    0.537     0.000      0.021  0.089
108       highvol  10   1   0.847    0.026     0.039    0.423    -0.000      0.014  0.132
27   res_mom_12_1  25   1   0.838    0.020     0.026    0.674     0.027      0.026  0.135
128       lowbeta  10  21   0.836    0.011     0.016    0.023    -0.003     -0.000  0.057
103        lowvol  10   5   0.829    0.009     0.008    0.325     0.002      0.003  0.082
104        lowvol  10  21   0.819    0.011     0.008    0.329     0.000      0.003  0.044
50       rev1_atr  10  21   0.815    0.017     0.012    0.461     0.005      0.007  0.102
20         high52  10  21   0.809    0.015     0.010    0.337     0.005      0.004  0.088
28   res_mom_12_1  25   5   0.807    0.017     0.025    0.716     0.039      0.028  0.073
83     rev_lowclv  25  21   0.805    0.014     0.013    0.438     0.004      0.007  0.100
24   res_mom_12_1  10   1   0.800    0.014     0.031    0.520    -0.000      0.021  0.154

By holdout Sharpe:
           signal   k   h  dev_sh  dev_med  dev_mean  hold_sh  hold_med  hold_mean   turn
5        mom_12_1  25  21   0.699    0.017     0.021    0.777     0.021      0.029  0.047
4        mom_12_1  25   5   0.691    0.020     0.021    0.736     0.021      0.027  0.079
29   res_mom_12_1  25  21   0.761    0.019     0.023    0.733     0.033      0.029  0.045
140    idiovol_hi  10  21   0.909    0.027     0.038    0.731     0.022      0.031  0.060
28   res_mom_12_1  25   5   0.807    0.017     0.025    0.716     0.039      0.028  0.073
139    idiovol_hi  10   5   0.862    0.025     0.037    0.703     0.031      0.030  0.088
2        mom_12_1  10  21   0.681    0.011     0.024    0.695     0.011      0.029  0.051
27   res_mom_12_1  25   1   0.838    0.020     0.026    0.674     0.027      0.026  0.135
138    idiovol_hi  10   1   0.947    0.023     0.042    0.673     0.043      0.028  0.124
3        mom_12_1  25   1   0.670    0.019     0.020    0.665     0.016      0.025  0.152
110       highvol  10  21   0.905    0.023     0.039    0.652     0.017      0.028  0.059
11        mom_6_1  25  21   0.793    0.013     0.023    0.638     0.017      0.022  0.057
71        rev_gap  25  21   0.646    0.013     0.013    0.637     0.017      0.014  0.099
26   res_mom_12_1  10  21   0.715    0.013     0.027    0.601     0.010      0.025  0.050
1        mom_12_1  10   5   0.680    0.010     0.025    0.592     0.008      0.023  0.088
[EW top1000 daily rebalanced]
   dev   Sh 0.89 | med/mo  1.79% | mean/mo  1.35% | CAGR   15.7% | DD  -41.1% | >5% mo  15% | pos mo  70% | n 2517
   hold  Sh 0.48 | med/mo  0.83% | mean/mo  0.75% | CAGR    8.1% | DD  -26.5% | >5% mo  19% | pos mo  54% | n 1194
   all   Sh 0.74 | med/mo  1.33% | mean/mo  1.19% | CAGR   13.5% | DD  -41.1% | >5% mo  18% | pos mo  61% | n 4720
[SPY buy&hold (no fee)]
   dev   Sh 1.07 | med/mo  1.85% | mean/mo  1.35% | CAGR   16.3% | DD  -32.0% | >5% mo  12% | pos mo  73% | n 2517
   hold  Sh 0.75 | med/mo  1.31% | mean/mo  1.04% | CAGR   12.3% | DD  -26.3% | >5% mo  18% | pos mo  67% | n 1194
   all   Sh 0.66 | med/mo  1.62% | mean/mo  1.01% | CAGR   11.4% | DD  -52.0% | >5% mo  15% | pos mo  69% | n 4720
