           label part  h      n   per_year   mean  net_mean    win   t_day
B1_rsi2<10_up200  dev  1 120533 12054.9502 0.0011   -0.0009 0.4769  3.7973
B1_rsi2<10_up200  dev  2 120533 12054.9502 0.0018   -0.0002 0.5003  4.6565
B1_rsi2<10_up200  dev  3 120533 12054.9502 0.0024    0.0004 0.5145  5.5979
B1_rsi2<10_up200  dev  5 120533 12054.9502 0.0041    0.0021 0.5318  7.0392
B1_rsi2<10_up200  dev 10 120533 12054.9502 0.0065    0.0045 0.5477  9.2211
B1_rsi2<10_up200  dev 20 120533 12054.9502 0.0119    0.0099 0.5665 12.2352
B1_rsi2<10_up200 hold  1 50957 10696.5772 0.0006 -0.0014 0.4656 1.3778
B1_rsi2<10_up200 hold  2 50932 10691.3293 0.0013 -0.0007 0.4849 1.5693
B1_rsi2<10_up200 hold  3 50916 10687.9707 0.0022  0.0002 0.4938 2.1004
B1_rsi2<10_up200 hold  5 50819 10667.6091 0.0037  0.0017 0.5073 3.4578
B1_rsi2<10_up200 hold 10 50570 10615.3405 0.0057  0.0037 0.5106 4.7990
B1_rsi2<10_up200 hold 20 50063 10508.9142 0.0110  0.0090 0.5159 6.0234
     label part  h      n   per_year   mean  net_mean    win   t_day
B1b_rsi2<5  dev  1 179854 17987.8624 0.0009   -0.0011 0.4751  3.9359
B1b_rsi2<5  dev  2 179854 17987.8624 0.0018   -0.0002 0.4972  5.0914
B1b_rsi2<5  dev  3 179854 17987.8624 0.0027    0.0007 0.5133  5.6963
B1b_rsi2<5  dev  5 179854 17987.8624 0.0046    0.0026 0.5310  6.6667
B1b_rsi2<5  dev 10 179854 17987.8624 0.0070    0.0050 0.5482  8.3100
B1b_rsi2<5  dev 20 179854 17987.8624 0.0134    0.0114 0.5675 11.3876
B1b_rsi2<5 hold  1 91720 19253.2931 0.0008 -0.0012 0.4654 1.0804
B1b_rsi2<5 hold  2 91671 19243.0073 0.0015 -0.0005 0.4836 1.6894
B1b_rsi2<5 hold  3 91620 19232.3017 0.0029  0.0009 0.4921 2.3471
B1b_rsi2<5 hold  5 91396 19185.2810 0.0048  0.0028 0.5107 3.7983
B1b_rsi2<5 hold 10 90908 19082.8431 0.0066  0.0046 0.5166 4.5778
B1b_rsi2<5 hold 20 89990 18890.1422 0.0118  0.0098 0.5240 6.5389
               label part  h   n  per_year    mean  net_mean    win   t_day
B2_gapdown3atr_rvol2  dev  1 305   30.5042 -0.0050   -0.0070 0.3770 -2.9942
B2_gapdown3atr_rvol2  dev  2 305   30.5042 -0.0040   -0.0060 0.4000 -1.7647
B2_gapdown3atr_rvol2  dev  3 305   30.5042 -0.0033   -0.0053 0.4525 -1.4915
B2_gapdown3atr_rvol2  dev  5 305   30.5042 -0.0066   -0.0086 0.4000 -1.8878
B2_gapdown3atr_rvol2  dev 10 305   30.5042 -0.0064   -0.0084 0.4426 -1.7072
B2_gapdown3atr_rvol2  dev 20 305   30.5042 -0.0063   -0.0083 0.4721 -1.1516
                  label part  h   n  per_year   mean  net_mean    win  t_day
B3_gapup2atr_rvol3_hold  dev  1 552   55.2076 0.0011   -0.0009 0.4909 0.2936
B3_gapup2atr_rvol3_hold  dev  2 552   55.2076 0.0008   -0.0012 0.5272 0.6108
B3_gapup2atr_rvol3_hold  dev  3 552   55.2076 0.0019   -0.0001 0.5399 0.8014
B3_gapup2atr_rvol3_hold  dev  5 552   55.2076 0.0035    0.0015 0.5435 0.8833
B3_gapup2atr_rvol3_hold  dev 10 552   55.2076 0.0096    0.0076 0.5543 1.7948
B3_gapup2atr_rvol3_hold  dev 20 552   55.2076 0.0172    0.0152 0.5924 2.3787
B3_gapup2atr_rvol3_hold hold  1 286 60.0353 0.0043 0.0023 0.4930 1.1804
B3_gapup2atr_rvol3_hold hold  2 286 60.0353 0.0064 0.0044 0.5280 1.1212
B3_gapup2atr_rvol3_hold hold  3 286 60.0353 0.0111 0.0091 0.5455 1.6368
B3_gapup2atr_rvol3_hold hold  5 286 60.0353 0.0077 0.0057 0.5105 0.6717
B3_gapup2atr_rvol3_hold hold 10 285 59.8254 0.0085 0.0065 0.5158 0.7632
B3_gapup2atr_rvol3_hold hold 20 285 59.8254 0.0187 0.0167 0.5649 1.5882
                label part  h     n  per_year   mean  net_mean    win  t_day
B4_donchian20_rvol1.5  dev  1 13692 1369.3875 0.0001   -0.0019 0.4388 0.7462
B4_donchian20_rvol1.5  dev  2 13692 1369.3875 0.0002   -0.0018 0.4636 2.6493
B4_donchian20_rvol1.5  dev  3 13692 1369.3875 0.0003   -0.0017 0.4701 3.6672
B4_donchian20_rvol1.5  dev  5 13692 1369.3875 0.0012   -0.0008 0.4907 3.9656
B4_donchian20_rvol1.5  dev 10 13692 1369.3875 0.0036    0.0016 0.5124 5.8533
B4_donchian20_rvol1.5  dev 20 13692 1369.3875 0.0086    0.0066 0.5449 6.3769
B4_donchian20_rvol1.5 hold  1 5807 1218.9694 0.0006 -0.0014 0.4562 0.5986
B4_donchian20_rvol1.5 hold  2 5807 1218.9694 0.0020  0.0000 0.4916 1.7553
B4_donchian20_rvol1.5 hold  3 5804 1218.3397 0.0024  0.0004 0.4967 1.4287
B4_donchian20_rvol1.5 hold  5 5801 1217.7099 0.0037  0.0017 0.4989 1.4092
B4_donchian20_rvol1.5 hold 10 5796 1216.6603 0.0088  0.0068 0.5166 2.0734
B4_donchian20_rvol1.5 hold 20 5761 1209.3134 0.0163  0.0143 0.5279 3.8871
             label part  h    n  per_year   mean  net_mean    win  t_day
B5_new52wh_rvol1.5  dev  1 9203   920.426 0.0001   -0.0019 0.4376 0.3363
B5_new52wh_rvol1.5  dev  2 9203   920.426 0.0008   -0.0012 0.4715 2.2495
B5_new52wh_rvol1.5  dev  3 9203   920.426 0.0010   -0.0010 0.4830 3.3294
B5_new52wh_rvol1.5  dev  5 9203   920.426 0.0018   -0.0002 0.4965 4.4151
B5_new52wh_rvol1.5  dev 10 9203   920.426 0.0037    0.0017 0.5146 6.8539
B5_new52wh_rvol1.5  dev 20 9203   920.426 0.0089    0.0069 0.5516 8.2236
B5_new52wh_rvol1.5 hold  1 3265 685.3685 0.0010 -0.0010 0.4741 1.5005
B5_new52wh_rvol1.5 hold  2 3265 685.3685 0.0026  0.0006 0.5063 2.3293
B5_new52wh_rvol1.5 hold  3 3264 685.1586 0.0032  0.0012 0.5070 1.8896
B5_new52wh_rvol1.5 hold  5 3264 685.1586 0.0054  0.0034 0.5138 2.5330
B5_new52wh_rvol1.5 hold 10 3261 684.5289 0.0114  0.0094 0.5164 3.0191
B5_new52wh_rvol1.5 hold 20 3246 681.3802 0.0214  0.0194 0.5413 3.7200
        label part  h    n  per_year   mean  net_mean    win  t_day
B6_leader_dip  dev  1 2558   255.835 0.0036    0.0016 0.5246 3.0635
B6_leader_dip  dev  2 2558   255.835 0.0045    0.0025 0.5403 2.0055
B6_leader_dip  dev  3 2558   255.835 0.0068    0.0048 0.5450 2.7094
B6_leader_dip  dev  5 2558   255.835 0.0091    0.0071 0.5571 3.3793
B6_leader_dip  dev 10 2558   255.835 0.0088    0.0068 0.5735 4.0393
B6_leader_dip  dev 20 2558   255.835 0.0161    0.0141 0.5665 5.6453
B6_leader_dip hold  1 1062 222.9284 0.0019 -0.0001 0.4727 2.2164
B6_leader_dip hold  2 1062 222.9284 0.0029  0.0009 0.5141 2.7551
B6_leader_dip hold  3 1062 222.9284 0.0041  0.0021 0.5160 2.6146
B6_leader_dip hold  5 1062 222.9284 0.0067  0.0047 0.5320 3.1493
B6_leader_dip hold 10 1059 222.2987 0.0037  0.0017 0.5203 1.5506
B6_leader_dip hold 20 1056 221.6690 0.0143  0.0123 0.5218 2.5890
         label part  h   n  per_year    mean  net_mean    win   t_day
B7_bigdown_vol  dev  1 671   67.1092 -0.0025   -0.0045 0.4158 -2.3058
B7_bigdown_vol  dev  2 671   67.1092 -0.0010   -0.0030 0.4724 -0.6959
B7_bigdown_vol  dev  3 671   67.1092 -0.0002   -0.0022 0.4829 -0.7180
B7_bigdown_vol  dev  5 671   67.1092 -0.0019   -0.0039 0.4501 -1.2526
B7_bigdown_vol  dev 10 671   67.1092 -0.0008   -0.0028 0.4769 -1.2392
B7_bigdown_vol  dev 20 671   67.1092  0.0017   -0.0003 0.5007 -0.3549
B7_bigdown_vol hold  1 330 69.2716 -0.0047 -0.0067 0.4091 -1.7796
B7_bigdown_vol hold  2 330 69.2716 -0.0032 -0.0052 0.4364 -1.5593
B7_bigdown_vol hold  3 330 69.2716 -0.0038 -0.0058 0.4636 -1.5457
B7_bigdown_vol hold  5 330 69.2716 -0.0032 -0.0052 0.4636 -1.4317
B7_bigdown_vol hold 10 330 69.2716 -0.0035 -0.0055 0.4788 -1.4116
B7_bigdown_vol hold 20 330 69.2716  0.0106  0.0086 0.5030  1.0224
       label part  h    n  per_year    mean  net_mean    win   t_day
B8_bigup_vol  dev  1 1129  112.9155 -0.0015   -0.0035 0.4473 -2.2250
B8_bigup_vol  dev  2 1129  112.9155 -0.0024   -0.0044 0.4774 -1.1929
B8_bigup_vol  dev  3 1129  112.9155 -0.0020   -0.0040 0.4863 -0.9457
B8_bigup_vol  dev  5 1129  112.9155 -0.0015   -0.0035 0.5137 -1.4574
B8_bigup_vol  dev 10 1129  112.9155  0.0042    0.0022 0.5226  0.5914
B8_bigup_vol  dev 20 1129  112.9155  0.0118    0.0098 0.5589  1.3489
B8_bigup_vol hold  1 681 142.9513 0.0019 -0.0001 0.4846 1.0389
B8_bigup_vol hold  2 680 142.7414 0.0054  0.0034 0.5176 2.3843
B8_bigup_vol hold  3 680 142.7414 0.0068  0.0048 0.5103 1.8963
B8_bigup_vol hold  5 678 142.3216 0.0055  0.0035 0.4941 0.7510
B8_bigup_vol hold 10 677 142.1116 0.0100  0.0080 0.5258 1.1304
B8_bigup_vol hold 20 675 141.6918 0.0211  0.0191 0.5437 2.7902
          label part  h     n  per_year   mean  net_mean    win   t_day
B9_10dlow_up200  dev  1 60911 6091.9339 0.0012   -0.0008 0.4847  3.4893
B9_10dlow_up200  dev  2 60911 6091.9339 0.0026    0.0006 0.5197  4.3654
B9_10dlow_up200  dev  3 60911 6091.9339 0.0034    0.0014 0.5314  5.2595
B9_10dlow_up200  dev  5 60911 6091.9339 0.0058    0.0038 0.5481  6.5551
B9_10dlow_up200  dev 10 60911 6091.9339 0.0086    0.0066 0.5602  8.5688
B9_10dlow_up200  dev 20 60911 6091.9339 0.0146    0.0126 0.5769 10.4939
B9_10dlow_up200 hold  1 26803 5626.3194 0.0010 -0.0010 0.4696 1.4755
B9_10dlow_up200 hold  2 26785 5622.5409 0.0017 -0.0003 0.4842 1.2964
B9_10dlow_up200 hold  3 26772 5619.8121 0.0024  0.0004 0.4917 1.6814
B9_10dlow_up200 hold  5 26717 5608.2668 0.0034  0.0014 0.5038 2.2836
B9_10dlow_up200 hold 10 26617 5587.2754 0.0056  0.0036 0.5087 2.5493
B9_10dlow_up200 hold 20 26296 5519.8931 0.0111  0.0091 0.5169 4.9097
                label part  h   n  per_year    mean  net_mean    win   t_day
B10_gapdown_closehigh  dev  1 412   41.2056 -0.0040   -0.0060 0.3689 -1.4590
B10_gapdown_closehigh  dev  2 412   41.2056 -0.0016   -0.0036 0.4320 -0.7610
B10_gapdown_closehigh  dev  3 412   41.2056 -0.0016   -0.0036 0.4587 -0.7714
B10_gapdown_closehigh  dev  5 412   41.2056 -0.0027   -0.0047 0.4393 -0.2112
B10_gapdown_closehigh  dev 10 412   41.2056  0.0036    0.0016 0.5364  0.8162
B10_gapdown_closehigh  dev 20 412   41.2056  0.0022    0.0002 0.5243  1.0271
B10_gapdown_closehigh hold  1 264 55.4172  0.0015 -0.0005 0.4735 0.4873
B10_gapdown_closehigh hold  2 264 55.4172 -0.0005 -0.0025 0.4659 0.3275
B10_gapdown_closehigh hold  3 262 54.9974  0.0016 -0.0004 0.5000 0.8419
B10_gapdown_closehigh hold  5 262 54.9974  0.0008 -0.0012 0.4733 0.4834
B10_gapdown_closehigh hold 10 261 54.7875  0.0087  0.0067 0.4981 1.3933
B10_gapdown_closehigh hold 20 261 54.7875  0.0131  0.0111 0.5479 1.4089
          label part  h     n  per_year   mean  net_mean    win  t_day
B11_3down_up200  dev  1 43031 4303.6891 0.0013   -0.0007 0.4839 2.6449
B11_3down_up200  dev  2 43031 4303.6891 0.0021    0.0001 0.5117 3.4912
B11_3down_up200  dev  3 43031 4303.6891 0.0033    0.0013 0.5234 4.4013
B11_3down_up200  dev  5 43031 4303.6891 0.0048    0.0028 0.5372 5.0551
B11_3down_up200  dev 10 43031 4303.6891 0.0063    0.0043 0.5470 7.4235
B11_3down_up200  dev 20 43031 4303.6891 0.0120    0.0100 0.5631 8.8043
B11_3down_up200 hold  1 19303 4051.9659 0.0010 -0.0010 0.4682 1.7336
B11_3down_up200 hold  2 19297 4050.7065 0.0022  0.0002 0.4905 2.1463
B11_3down_up200 hold  3 19290 4049.2371 0.0030  0.0010 0.4980 2.6270
B11_3down_up200 hold  5 19239 4038.5315 0.0040  0.0020 0.5084 3.7803
B11_3down_up200 hold 10 19149 4019.6392 0.0065  0.0045 0.5129 4.7851
B11_3down_up200 hold 20 18908 3969.0500 0.0133  0.0113 0.5214 5.8634
