rev5 10 21 median $vol of held names (weighted avg, $M): 35.1
rev5 25 21 median $vol of held names (weighted avg, $M): 42.9
highvol 25 21 median $vol of held names (weighted avg, $M): 17.8
highvol 10 21 median $vol of held names (weighted avg, $M): 9.0
        sig   k   h  slip_bps_per_side  dev_sh  dev_mean  dev_med  hold_sh  hold_mean  hold_med
0      rev5  10  21                  0   1.705     0.057    0.044    0.376      0.014     0.018
1      rev5  10  21                 10   1.626     0.054    0.041    0.314      0.011     0.016
2      rev5  10  21                 25   1.507     0.050    0.038    0.220      0.007     0.012
3      rev5  10  21                 50   1.309     0.044    0.031    0.065      0.000     0.006
4      rev5  10  21                100   0.912     0.030    0.018   -0.247     -0.013    -0.006
5      rev5  25  21                  0   1.428     0.038    0.031    0.319      0.009     0.005
6      rev5  25  21                 10   1.335     0.035    0.028    0.242      0.006     0.002
7      rev5  25  21                 25   1.195     0.032    0.024    0.127      0.002    -0.002
8      rev5  25  21                 50   0.961     0.025    0.018   -0.064     -0.004    -0.008
9      rev5  25  21                100   0.493     0.013    0.006   -0.447     -0.016    -0.021
10  highvol  25  21                  0   1.566     0.072    0.042    0.105      0.001     0.000
11  highvol  25  21                 10   1.531     0.070    0.040    0.069     -0.000    -0.001
12  highvol  25  21                 25   1.480     0.068    0.038    0.016     -0.003    -0.004
13  highvol  25  21                 50   1.394     0.064    0.034   -0.072     -0.007    -0.008
14  highvol  25  21                100   1.223     0.056    0.027   -0.249     -0.015    -0.016
15  highvol  10  21                  0   1.435     0.132    0.059   -0.291     -0.019    -0.031
16  highvol  10  21                 10   1.414     0.130    0.057   -0.321     -0.021    -0.033
17  highvol  10  21                 25   1.382     0.127    0.054   -0.366     -0.023    -0.035
18  highvol  10  21                 50   1.329     0.122    0.050   -0.442     -0.028    -0.039
19  highvol  10  21                100   1.223     0.111    0.042   -0.593     -0.036    -0.046
