main strategy 2018-03..2026-10: 32.5% / 1.36 / -20.2%  | E1 Sharpe 1.49 | E2 Sharpe 1.17

================ BTC  hourly, hold 72 h, net of 10 bp per side
K1 OFF only     events  26 | net/event   0.47% win  46% t  0.40 | random-entry control -0.07% p=0.330 | cost sweep 0/5/10/20bp: 0.67% / 0.57% / 0.47% / 0.27%
                eras: E1 2018-22 n= 17  -0.46% | E2 2023-26 n=  9   2.22% | plateau: 48h z2 0.45% (n=42), 96h z2 1.60% (n=19), 72h z1.5 0.95% (n=61), 72h z2.5 1.73% (n=9)
                sleeve alone (zeros included) 0.5% CAGR / Sharpe 0.29 / DD -3.6% | avg inventory 0.004 | combined with main 33.2% / 1.37 / -20.2% (E1 1.48, E2 1.21) vs 32.5% / 1.36 / -20.2% (E1 1.49, E2 1.17)
K2 all regimes  events  85 | net/event   1.82% win  56% t  3.00 | random-entry control  0.26% p=0.011 | cost sweep 0/5/10/20bp: 2.02% / 1.92% / 1.82% / 1.62%
                eras: E1 2018-22 n= 42   1.28% | E2 2023-26 n= 43   2.35% | plateau: 48h z2 0.98% (n=125), 96h z2 2.44% (n=69), 72h z1.5 1.62% (n=168), 72h z2.5 2.05% (n=44)
                sleeve alone (zeros included) 4.5% CAGR / Sharpe 1.14 / DD -3.3% | avg inventory 0.016 | combined with main 37.3% / 1.43 / -22.1% (E1 1.49, E2 1.34) vs 32.5% / 1.36 / -20.2% (E1 1.49, E2 1.17)

================ ETH  hourly, hold 72 h, net of 10 bp per side
K1 OFF only     events  33 | net/event   2.21% win  58% t  1.49 | random-entry control -0.22% p=0.033 | cost sweep 0/5/10/20bp: 2.41% / 2.31% / 2.21% / 2.01%
                eras: E1 2018-22 n= 22   0.92% | E2 2023-26 n= 11   4.79% | plateau: 48h z2 0.89% (n=47), 96h z2 4.62% (n=20), 72h z1.5 0.95% (n=72), 72h z2.5 3.81% (n=11)
                sleeve alone (zeros included) 1.6% CAGR / Sharpe 0.72 / DD -2.8% | avg inventory 0.005 | combined with main 34.6% / 1.41 / -20.2% (E1 1.51, E2 1.27) vs 32.5% / 1.36 / -20.2% (E1 1.49, E2 1.17)
K2 all regimes  events  97 | net/event   1.36% win  62% t  1.68 | random-entry control  0.29% p=0.087 | cost sweep 0/5/10/20bp: 1.56% / 1.46% / 1.36% / 1.16%
                eras: E1 2018-22 n= 57   0.85% | E2 2023-26 n= 40   2.08% | plateau: 48h z2 1.07% (n=131), 96h z2 3.12% (n=65), 72h z1.5 1.13% (n=193), 72h z2.5 2.12% (n=41)
                sleeve alone (zeros included) 3.3% CAGR / Sharpe 0.88 / DD -4.5% | avg inventory 0.014 | combined with main 35.9% / 1.39 / -21.0% (E1 1.47, E2 1.29) vs 32.5% / 1.36 / -20.2% (E1 1.49, E2 1.17)

================ replication: daily analogue (3-day z >= 2, hold 3 days) on CoinMetrics data before 2018 (never used for this)
BTC K1 OFF only     events   3 | net/event  -2.48% (t -0.43) | at 30 bp per side  -2.88%
BTC K2 all regimes  events  65 | net/event   2.68% (t  1.80) | at 30 bp per side   2.28%
ETH K1 OFF only     events   3 | net/event   1.78% (t  1.27) | at 30 bp per side   1.38%
ETH K2 all regimes  events  27 | net/event   9.06% (t  2.94) | at 30 bp per side   8.66%

--- pre-registered acceptance (BTC decides)
K1 OFF only      {'mean_pos_t2': False, 'beats_random': False, 'eras_pos': False, 'replication': False, 'plateau': True, 'combined': True, 'ACCEPT': False}
K2 all regimes   {'mean_pos_t2': True, 'beats_random': True, 'eras_pos': True, 'replication': True, 'plateau': True, 'combined': True, 'ACCEPT': True}
saved results/burst.json

real	0m3.470s
user	0m3.739s
sys	0m0.597s
