 asset_vol  target_vol  cagr  sharpe  maxdd  calmar  cagr_1822  sharpe_1822  dd_1822  cagr_2023  sharpe_2023  dd_2023  cagr_2022  sharpe_2022  avg_exposure
      0.30        0.20 0.188   1.353 -0.134   1.401      0.212        1.476   -0.134      0.159        1.189   -0.128      0.115        0.992         0.157
      0.30        0.25 0.211   1.369 -0.145   1.459      0.245        1.512   -0.145      0.170        1.175   -0.136      0.125        0.993         0.171
      0.30        0.30 0.220   1.349 -0.159   1.383      0.259        1.485   -0.159      0.171        1.157   -0.151      0.126        0.979         0.178
      0.30        0.35 0.222   1.350 -0.160   1.392      0.264        1.491   -0.160      0.171        1.151   -0.148      0.126        0.973         0.179
      0.30        0.40 0.221   1.340 -0.163   1.357      0.261        1.473   -0.163      0.171        1.151   -0.148      0.126        0.973         0.180
      0.30        0.60 0.221   1.340 -0.163   1.357      0.261        1.473   -0.163      0.171        1.151   -0.148      0.126        0.973         0.180
      0.45        0.20 0.227   1.449 -0.147   1.542      0.244        1.544   -0.138      0.205        1.327   -0.147      0.149        1.109         0.176
      0.45        0.25 0.267   1.430 -0.165   1.616      0.286        1.512   -0.162      0.243        1.323   -0.165      0.177        1.116         0.210
      0.45        0.30 0.299   1.420 -0.174   1.720      0.332        1.534   -0.171      0.258        1.271   -0.174      0.189        1.081         0.235
      0.45        0.35 0.318   1.393 -0.191   1.667      0.362        1.518   -0.191      0.265        1.226   -0.184      0.194        1.044         0.252
      0.45        0.40 0.325   1.355 -0.202   1.608      0.379        1.490   -0.202      0.259        1.170   -0.192      0.190        0.996         0.262
      0.45        0.60 0.343   1.371 -0.209   1.641      0.416        1.536   -0.209      0.255        1.140   -0.197      0.187        0.970         0.269
      0.60        0.20 0.232   1.408 -0.163   1.420      0.227        1.412   -0.163      0.238        1.404   -0.158      0.164        1.122         0.185
      0.60        0.25 0.283   1.428 -0.186   1.520      0.287        1.463   -0.172      0.277        1.383   -0.186      0.193        1.123         0.222
      0.60        0.30 0.325   1.426 -0.204   1.598      0.339        1.487   -0.192      0.308        1.350   -0.204      0.216        1.110         0.255
      0.60        0.35 0.351   1.382 -0.218   1.607      0.377        1.463   -0.203      0.319        1.277   -0.218      0.224        1.055         0.286
      0.60        0.40 0.389   1.395 -0.228   1.706      0.427        1.486   -0.228      0.341        1.275   -0.228      0.241        1.059         0.309
      0.60        0.60 0.428   1.337 -0.287   1.490      0.501        1.456   -0.287      0.339        1.173   -0.256      0.239        0.976         0.347
      0.80        0.20 0.242   1.401 -0.176   1.373      0.230        1.367   -0.176      0.258        1.443   -0.170      0.175        1.134         0.195
      0.80        0.25 0.299   1.433 -0.201   1.486      0.291        1.425   -0.201      0.308        1.443   -0.193      0.212        1.159         0.233
      0.80        0.30 0.347   1.436 -0.210   1.646      0.348        1.456   -0.210      0.345        1.412   -0.210      0.239        1.150         0.268
      0.80        0.35 0.369   1.376 -0.234   1.577      0.378        1.406   -0.234      0.358        1.338   -0.226      0.248        1.095         0.302
      0.80        0.40 0.406   1.377 -0.245   1.657      0.435        1.439   -0.245      0.370        1.294   -0.244      0.257        1.063         0.330
      0.80        0.60 0.473   1.313 -0.335   1.413      0.535        1.384   -0.335      0.397        1.214   -0.298      0.277        1.005         0.399
      1.00        0.20 0.245   1.371 -0.185   1.321      0.224        1.289   -0.185      0.272        1.473   -0.179      0.180        1.130         0.200
      1.00        0.25 0.299   1.399 -0.221   1.353      0.283        1.355   -0.221      0.320        1.455   -0.199      0.216        1.149         0.239
      1.00        0.30 0.346   1.397 -0.234   1.477      0.340        1.385   -0.234      0.354        1.411   -0.222      0.240        1.128         0.276
      1.00        0.35 0.375   1.363 -0.255   1.470      0.377        1.368   -0.255      0.372        1.357   -0.248      0.253        1.092         0.310
      1.00        0.40 0.409   1.357 -0.265   1.545      0.430        1.394   -0.265      0.383        1.308   -0.248      0.261        1.057         0.339
      1.00        0.60 0.484   1.301 -0.342   1.417      0.548        1.372   -0.342      0.406        1.203   -0.319      0.277        0.981         0.419
      1.50        0.20 0.245   1.316 -0.209   1.173      0.223        1.213   -0.209      0.273        1.449   -0.184      0.171        1.047         0.207
      1.50        0.25 0.295   1.333 -0.222   1.331      0.278        1.269   -0.222      0.318        1.416   -0.208      0.200        1.045         0.247
      1.50        0.30 0.340   1.336 -0.254   1.340      0.324        1.274   -0.254      0.361        1.418   -0.218      0.231        1.071         0.286
      1.50        0.35 0.381   1.340 -0.266   1.430      0.371        1.297   -0.266      0.393        1.397   -0.245      0.254        1.072         0.321
      1.50        0.40 0.422   1.346 -0.286   1.475      0.438        1.351   -0.286      0.403        1.339   -0.255      0.261        1.035         0.354
      1.50        0.60 0.483   1.251 -0.378   1.277      0.529        1.282   -0.378      0.425        1.213   -0.307      0.276        0.950         0.443

Sharpe over the grid (2018-03+): min 1.25, median 1.37, max 1.45; official point 1.36
