ETH/BTC log-ratio: excess forward change after displacement (bp, t); events de-clustered; cost of a full BTC<->ETH switch ~ 20 bp
n= 10 h= 1 cheap ETH (z<=-2)  all:    -65bp (t -1.8, n=106) | 2016-17:   -324bp (t -1.9, n=17) | 2018-22:     -3bp (t -0.1, n=53) | 2023-26:    -31bp (t -1.0, n=36)
n= 10 h= 1 rich ETH (z>=2)    all:    +80bp (t +2.2, n=109) | 2016-17:    +89bp (t +0.6, n=23) | 2018-22:   +110bp (t +2.7, n=50) | 2023-26:    +31bp (t +1.0, n=36)
n= 10 h= 5 cheap ETH (z<=-2)  all:    -71bp (t -0.8, n=106) | 2016-17:   -283bp (t -0.7, n=17) | 2018-22:    -55bp (t -0.6, n=53) | 2023-26:    +28bp (t +0.4, n=36)
n= 10 h= 5 rich ETH (z>=2)    all:   +177bp (t +2.0, n=109) | 2016-17:   +410bp (t +1.2, n=23) | 2018-22:   +171bp (t +1.8, n=50) | 2023-26:    +24bp (t +0.3, n=36)
n= 10 h=10 cheap ETH (z<=-2)  all:    -94bp (t -0.7, n=98) | 2016-17:   -337bp (t -0.6, n=17) | 2018-22:   -130bp (t -0.9, n=47) | 2023-26:   +109bp (t +1.0, n=34)
n= 10 h=10 rich ETH (z>=2)    all:   +144bp (t +1.1, n=104) | 2016-17:   +419bp (t +0.8, n=22) | 2018-22:   +203bp (t +1.4, n=48) | 2023-26:    -92bp (t -0.9, n=34)
n= 10 h=20 cheap ETH (z<=-2)  all:   -155bp (t -0.7, n=81) | 2016-17:   -941bp (t -1.0, n=15) | 2018-22:    -32bp (t -0.1, n=41) | 2023-26:   +135bp (t +0.8, n=25)
n= 10 h=20 rich ETH (z>=2)    all:   +427bp (t +1.9, n=81) | 2016-17:  +1372bp (t +1.5, n=17) | 2018-22:   +323bp (t +1.4, n=38) | 2023-26:    +41bp (t +0.2, n=27)
n= 20 h= 1 cheap ETH (z<=-2)  all:   -118bp (t -2.8, n=84) | 2016-17:   -574bp (t -3.0, n=14) | 2018-22:    -23bp (t -0.5, n=39) | 2023-26:    -27bp (t -0.8, n=31)
n= 20 h= 1 rich ETH (z>=2)    all:   +104bp (t +2.4, n=76) | 2016-17:   +231bp (t +1.3, n=17) | 2018-22:    +93bp (t +2.0, n=37) | 2023-26:    +18bp (t +0.4, n=22)
n= 20 h= 5 cheap ETH (z<=-2)  all:   -198bp (t -2.0, n=84) | 2016-17:   -578bp (t -1.3, n=14) | 2018-22:   -182bp (t -1.7, n=39) | 2023-26:    -27bp (t -0.3, n=31)
n= 20 h= 5 rich ETH (z>=2)    all:   +225bp (t +2.1, n=76) | 2016-17:   +488bp (t +1.2, n=17) | 2018-22:   +238bp (t +2.1, n=37) | 2023-26:    -28bp (t -0.3, n=22)
n= 20 h=10 cheap ETH (z<=-2)  all:   -237bp (t -1.6, n=84) | 2016-17:   -535bp (t -0.8, n=14) | 2018-22:   -242bp (t -1.5, n=39) | 2023-26:    -53bp (t -0.5, n=31)
n= 20 h=10 rich ETH (z>=2)    all:   +193bp (t +1.3, n=76) | 2016-17:   +193bp (t +0.3, n=17) | 2018-22:   +346bp (t +2.1, n=37) | 2023-26:   -125bp (t -0.9, n=22)
n= 20 h=20 cheap ETH (z<=-2)  all:   -494bp (t -2.0, n=69) | 2016-17:  -1601bp (t -1.4, n=11) | 2018-22:   -325bp (t -1.3, n=33) | 2023-26:   -126bp (t -0.7, n=25)
n= 20 h=20 rich ETH (z>=2)    all:   +386bp (t +1.5, n=66) | 2016-17:   +587bp (t +0.6, n=15) | 2018-22:   +568bp (t +2.2, n=31) | 2023-26:   -160bp (t -0.8, n=20)
n= 60 h= 1 cheap ETH (z<=-2)  all:    +13bp (t +0.2, n=39) | 2016-17: n/a | 2018-22:    +34bp (t +0.5, n=16) | 2023-26:    +10bp (t +0.2, n=17)
n= 60 h= 1 rich ETH (z>=2)    all:     +1bp (t +0.0, n=21) | 2016-17: n/a | 2018-22:    +49bp (t +0.6, n=11) | 2023-26: n/a
n= 60 h= 5 cheap ETH (z<=-2)  all:    +12bp (t +0.1, n=39) | 2016-17: n/a | 2018-22:    -78bp (t -0.5, n=16) | 2023-26:    +59bp (t +0.5, n=17)
n= 60 h= 5 rich ETH (z>=2)    all:   +205bp (t +1.0, n=21) | 2016-17: n/a | 2018-22:   +339bp (t +1.7, n=11) | 2023-26: n/a
n= 60 h=10 cheap ETH (z<=-2)  all:   -105bp (t -0.5, n=39) | 2016-17: n/a | 2018-22:   -223bp (t -0.9, n=16) | 2023-26:    +34bp (t +0.2, n=17)
n= 60 h=10 rich ETH (z>=2)    all:   +359bp (t +1.2, n=21) | 2016-17: n/a | 2018-22:   +660bp (t +2.2, n=11) | 2023-26: n/a
n= 60 h=20 cheap ETH (z<=-2)  all:   -398bp (t -1.2, n=38) | 2016-17: n/a | 2018-22:   -441bp (t -1.2, n=16) | 2023-26:    -49bp (t -0.2, n=16)
n= 60 h=20 rich ETH (z>=2)    all:   +700bp (t +1.6, n=21) | 2016-17: n/a | 2018-22:   +905bp (t +2.1, n=11) | 2023-26: n/a
n=120 h= 1 cheap ETH (z<=-2)  all:    -53bp (t -0.6, n=18) | 2016-17: n/a | 2018-22: n/a | 2023-26:   -125bp (t -2.0, n=10)
n=120 h= 1 rich ETH (z>=2)    all:    +30bp (t +0.3, n=12) | 2016-17: n/a | 2018-22:    +30bp (t +0.3, n=8) | 2023-26: n/a
n=120 h= 5 cheap ETH (z<=-2)  all:   +120bp (t +0.5, n=17) | 2016-17: n/a | 2018-22: n/a | 2023-26:   -107bp (t -0.7, n=9)
n=120 h= 5 rich ETH (z>=2)    all:   +651bp (t +2.5, n=12) | 2016-17: n/a | 2018-22:   +472bp (t +2.0, n=8) | 2023-26: n/a
n=120 h=10 cheap ETH (z<=-2)  all:    +83bp (t +0.3, n=17) | 2016-17: n/a | 2018-22: n/a | 2023-26:     +8bp (t +0.0, n=9)
n=120 h=10 rich ETH (z>=2)    all:   +783bp (t +2.0, n=12) | 2016-17: n/a | 2018-22:   +386bp (t +1.1, n=8) | 2023-26: n/a
n=120 h=20 cheap ETH (z<=-2)  all:   -537bp (t -1.1, n=17) | 2016-17: n/a | 2018-22: n/a | 2023-26:   -125bp (t -0.4, n=9)
n=120 h=20 rich ETH (z>=2)    all:  +1091bp (t +1.9, n=12) | 2016-17: n/a | 2018-22:   +832bp (t +1.6, n=8) | 2023-26: n/a
