SPY < EMA200 on 23.0% of trading days since 1993; since 2018-03: 18.8% of calendar days
splice check: daily-return correlation Binance vs CoinMetrics BTC 2020-2026.05 = 0.9937

================ PART A: does the mechanism exist? ================

GLD (trading days, 252/yr): days s=1: 1109, s=0: 4394
  ann. mean return  s=1    13.0%   s=0    11.2%   diff    +1.9 pts  90% CI [-17.6, +21.7]  (share of bootstrap draws with same sign 0.55)
  Sharpe            s=1    0.54    s=0    0.68    diff -0.13  90% CI [-0.99, +0.75]   cumulative return in s=1 days +56%  s=0 days +451%
    sub-period 2004-2010: s=1    -2.6%  s=0   +32.7%  diff   -35.3 pts  (s=1 days: 511)
    sub-period 2011-2016: s=1   +33.6%  s=0    -7.6%  diff   +41.2 pts  (s=1 days: 190)
    sub-period 2017-2021: s=1   +22.1%  s=0    +8.5%  diff   +13.7 pts  (s=1 days: 124)
    sub-period 2022-2026: s=1   +23.5%  s=0   +17.4%  diff    +6.1 pts  (s=1 days: 284)

BTC (calendar days, 365/yr): days s=1: 746, s=0: 3914
  ann. mean return  s=1    14.0%   s=0    68.4%   diff   -54.4 pts  90% CI [-139.5, +29.9]  (share of bootstrap draws with same sign 0.86)
  Sharpe            s=1    0.19    s=0    1.04    diff -0.84  90% CI [-2.01, +0.46]   cumulative return in s=1 days -23%  s=0 days +14765%
    sub-period 2014-2016: s=1   +14.2%  s=0   +32.1%  diff   -17.9 pts  (s=1 days: 156)
    sub-period 2017-2019: s=1  -212.6%  s=0  +133.5%  diff  -346.1 pts  (s=1 days: 102)
    sub-period 2020-2022: s=1   -12.4%  s=0   +86.6%  diff   -99.0 pts  (s=1 days: 352)
    sub-period 2023-2026: s=1  +251.8%  s=0   +32.6%  diff  +219.2 pts  (s=1 days: 136)

ETH (calendar days, 365/yr): days s=1: 666, s=0: 3264
  ann. mean return  s=1   164.9%   s=0   111.2%   diff   +53.8 pts  90% CI [-130.6, +243.0]  (share of bootstrap draws with same sign 0.68)
  Sharpe            s=1    1.45    s=0    1.20    diff +0.24  90% CI [-1.41, +1.84]   cumulative return in s=1 days +515%  s=0 days +47714%
    sub-period 2014-2016: s=1 +1312.4%  s=0   +41.2%  diff +1271.2 pts  (s=1 days: 76)
    sub-period 2017-2019: s=1  -169.4%  s=0  +188.8%  diff  -358.3 pts  (s=1 days: 102)
    sub-period 2020-2022: s=1    +2.6%  s=0  +178.8%  diff  -176.2 pts  (s=1 days: 352)
    sub-period 2023-2026: s=1  +194.6%  s=0   +24.5%  diff  +170.1 pts  (s=1 days: 136)

Pre-registered mechanism test: gold better in s=1 with stable sign: False | BTC worse: False | ETH worse: False  ->  MECHANISM SUPPORTED: False

================ PART B: strategy variants (BTC+ETH 6h spot strategy) ================
S0 baseline                       era1: CAGR  37.9% Sh 1.49 DD  -20.2% | era2: CAGR  25.9% Sh 1.17 DD  -19.2% | full: CAGR  32.5% Sh 1.36 DD  -20.2%
S1 crypto x0 when s=1 (cash)      era1: CAGR  41.5% Sh 1.64 DD  -19.7% | era2: CAGR  17.6% Sh 0.90 DD  -19.2% | full: CAGR  30.5% Sh 1.33 DD  -19.9%
S2 idle -> GLD when s=1           era1: CAGR  39.4% Sh 1.45 DD  -30.5% | era2: CAGR  34.1% Sh 1.41 DD  -19.2% | full: CAGR  37.1% Sh 1.43 DD  -30.5%
S3 crypto x0, 100% GLD when s=1   era1: CAGR  43.0% Sh 1.59 DD  -27.0% | era2: CAGR  26.2% Sh 1.18 DD  -19.2% | full: CAGR  35.4% Sh 1.42 DD  -27.0%
GLD buy&hold same window (weekends 0): CAGR 13.8% Sharpe 0.84 DD -26.4%

--- what the baseline was doing while SPY < EMA200
  s=1: 590 days (19%), mean exposure 9%, share of days invested (>5%) 23%, compounded return +14%, ann. mean +9.0%
  s=0: 2551 days (81%), mean exposure 32%, share of days invested (>5%) 69%, compounded return +890%, ann. mean +35.7%

--- SPY < EMA200 episodes since 2018-03 (35 runs; compounded return over the run)
     start        end  days   BTC   ETH  baseline  exposure   S1  GLD   S2   S3
2018-03-24 2018-03-26     3  -8.6 -10.7       0.0       0.0  0.0  0.5  0.5  0.5
2018-04-03 2018-04-03     1   4.9   7.8       0.0       0.0  0.0 -0.8 -0.8 -0.8
2018-10-12 2018-10-12     1   0.7   2.8       0.0       0.0  0.0 -0.5 -0.5 -0.5
2018-10-16 2018-10-16     1   0.1   0.3      -0.2       4.0 -0.0 -0.2 -0.4 -0.2
2018-10-23 2018-11-06    15  -0.9   6.8       0.0       0.0  0.0  0.3  0.2  0.2
2018-11-13 2018-11-30    18 -37.4 -46.6       0.0       0.0  0.0  1.7  1.6  1.6
2018-12-05 2019-01-31    58 -13.1  -3.2       0.0       0.0  0.0  6.5  6.5  6.5
2019-06-01 2019-06-04     4 -10.1  -9.9      -4.7      44.0 -0.0  1.5 -3.9  1.4
2019-08-15 2019-08-15     1   2.4   0.5       0.5      20.0 -0.0  0.7  1.0  0.6
2020-02-28 2020-03-02     4   1.0   1.8       0.3      40.0 -0.0 -3.1 -1.5 -3.2
2020-03-04 2020-03-04     1  -0.1   0.2       0.0      46.0 -0.0  0.2  0.1  0.1
2020-03-06 2020-05-18    74   7.5  -5.9      -4.7      15.0 -0.0  3.3 -1.3  3.4
2020-05-20 2020-05-20     1  -2.7  -2.1      -1.2      48.0 -0.0  0.2 -1.1  0.1
2022-01-22 2022-01-24     3   0.6  -5.0       0.0       0.0  0.0  0.5  0.5  0.5
2022-01-26 2022-01-28     3   2.1   3.5       0.0       0.0  0.0 -3.2 -3.2 -3.2
2022-02-15 2022-02-15     1   4.7   8.7       0.0       0.0  0.0 -0.9 -1.0 -1.0
2022-02-18 2022-03-17    28   1.0  -2.8       0.0       0.0  0.0  2.1  2.0  2.0
2022-04-12 2022-04-13     2   4.1   4.6       0.4       8.0 -0.0  1.3  1.5  1.2
2022-04-15 2022-04-19     5   3.9   2.6      -0.1       5.0 -0.0 -1.2 -1.4 -1.3
2022-04-22 2022-08-10   111 -40.8 -37.9       0.0       0.0  0.0 -8.4 -8.4 -8.4
2022-08-23 2022-08-25     3   0.7   4.3       0.0       0.0  0.0  1.3  1.3  1.3
2022-08-27 2022-11-23    89 -18.0 -21.5      -1.5       2.0  0.0  0.8 -0.8  1.0
2022-11-29 2022-11-30     2   5.9  10.8       0.0       0.0  0.0  1.8  1.7  1.7
2022-12-06 2022-12-13     8   4.8   4.9       0.0       0.0  0.0  2.5  2.5  2.5
2022-12-15 2023-01-13    30  11.9  11.0       3.9       4.0  0.0  6.3  9.0  6.3
2023-01-18 2023-01-23     6   8.4   3.9       4.0      65.0 -0.1  1.1  4.5  1.0
2023-02-22 2023-02-23     2  -2.1  -0.6      -1.1      82.0 -0.1 -0.6 -1.3 -0.7
2023-02-25 2023-03-03     7  -3.6  -2.4      -3.2      83.0 -0.1  2.5 -2.8  2.3
2023-03-08 2023-03-29    22  27.7  14.8       7.4      49.0 -0.1  8.2 12.6  8.2
2023-10-04 2023-10-06     3   1.8  -0.7      -0.0       1.0  0.0  0.3  0.2  0.3
2023-10-21 2023-11-02    13  17.8  12.3       9.1      64.0 -0.1  0.3  9.2  0.2
2025-03-11 2025-03-24    14  11.3  11.6       0.0       0.0  0.0  4.2  4.3  4.3
2025-03-27 2025-05-02    37  11.5  -8.3       1.8      10.0  0.0  7.1 10.7  6.9
2025-05-07 2025-05-08     2   6.6  21.5       3.5      53.0 -0.1 -3.4  1.8 -3.5
2026-03-21 2026-04-06    17  -2.4  -1.8       0.0       0.0  0.0  3.5  3.3  3.3

episodes >= 20 days: 8; whipsaw runs (< 20 days): 27, total flip count 70  (~8.1 per year)
S1 - baseline compounded return per episode (pts): [0.0, 0.0, 0.0, 0.2, 0.0, 0.0, 0.0, 4.7, -0.5, -0.4, -0.1, 4.6, 1.2, 0.0, 0.0, 0.0, 0.0, -0.4, 0.1, 0.0, 0.0, 1.5, 0.0, 0.0, -3.9, -4.1, 1.1, 3.2, -7.5, 0.0, -9.2, 0.0, -1.8, -3.6, 0.0]
S3 - baseline compounded return per episode (pts): [0.5, -0.8, -0.5, -0.0, 0.2, 1.6, 6.5, 6.1, 0.1, -3.6, 0.1, 8.0, 1.4, 0.5, -3.2, -1.0, 2.0, 0.8, -1.1, -8.4, 1.3, 2.5, 1.7, 2.5, 2.4, -3.0, 0.4, 5.6, 0.7, 0.3, -8.9, 4.3, 5.1, -7.0, 3.3]

--- pre-registered acceptance
S1 crypto x0 when s=1 (cash)      Sharpe full 1.36->1.33 | maxDD -20.2->-19.9 | era1 Sharpe 1.49->1.64 | era2 1.17->0.90  => {'partA': False, 'full_sharpe_up': np.False_, 'lower_maxdd': True, 'era2_ok': np.False_, 'era1_positive': np.True_, 'ACCEPT': False}
S2 idle -> GLD when s=1           Sharpe full 1.36->1.43 | maxDD -20.2->-30.5 | era1 Sharpe 1.49->1.45 | era2 1.17->1.41  => {'partA': False, 'full_sharpe_up': np.True_, 'lower_maxdd': False, 'era2_ok': np.True_, 'era1_positive': np.False_, 'ACCEPT': False}
S3 crypto x0, 100% GLD when s=1   Sharpe full 1.36->1.42 | maxDD -20.2->-27.0 | era1 Sharpe 1.49->1.59 | era2 1.17->1.18  => {'partA': False, 'full_sharpe_up': np.True_, 'lower_maxdd': False, 'era2_ok': np.True_, 'era1_positive': np.True_, 'ACCEPT': False}

winners: NONE (no PAXG repeat is run, per the pre-registration)

--- stress / robustness (not additional trials)
  S3 with gold entered 1 day(s) later than the signal: Sharpe era1 1.68 era2 1.22 full 1.49
  S3 with gold entered 3 day(s) later than the signal: Sharpe era1 1.58 era2 1.25 full 1.44
  S3 with gold cost 5 bp one-way: Sharpe full 1.42
  S3 with gold cost 25 bp one-way: Sharpe full 1.35

calendar-year returns %:
      S0 baseline  S1 crypto x0 when s=1 (cash)  S2 idle -> GLD when s=1  S3 crypto x0, 100% GLD when s=1   GLD    BTC
2018         -4.2                          -4.0                     -0.4                             -0.2  -3.0  -64.1
2019         51.3                          59.8                     57.7                             67.6  17.9   94.3
2020        135.4                         148.9                    139.4                            149.5  24.8  302.0
2021         44.2                          44.2                     44.2                             44.2  -4.1   59.8
2022         -3.7                          -2.4                     -7.8                             -6.2  -0.8  -64.2
2023         38.6                          13.5                     52.8                             33.4  12.7  155.6
2024         36.6                          36.6                     36.6                             36.6  26.7  121.3
2025          7.1                           1.4                     19.3                              9.0  63.7   -6.3
2026         17.3                          17.3                     21.1                             21.1  -4.2   -2.1

saved results/spy_gold*.{json,csv}
