main strategy 2018-03..2026-10: 32.5% / 1.36 / -20.2%  | E1 Sharpe 1.49 | E2 Sharpe 1.17

================ BTC  (net of 10 bp per side; level size 6.25% x min(1, 0.024/sigma_d))
V1 c=1.0 range             trips   546 (target  49%) | net/trip  -0.02% | day-level t -0.72 | duty  63% | avg inventory 0.039 | vs random activation: control mean -0.66 bp/day vs -0.29 bp/day, p=0.14
                           eras: E1 2018-22 n= 273  -0.95% | E2 2023-26 n= 262   0.47% | cost sweep 0/5/10/20bp: 0.18% / 0.08% / -0.02% / -0.22% | sleeve alone -1.1% / Sharpe -0.24 / DD -14.5%
                           combined with main:  30.7% / 1.24 /  -26.7% (E1 1.29, E2 1.17) vs main 32.5% / 1.36 / -20.2% (E1 1.49, E2 1.17)
V2 c=0.5 range             trips  6004 (target  10%) | net/trip  -0.14% | day-level t -3.39 | duty  63% | avg inventory 0.043
                           eras: E1 2018-22 n=4006  -0.19% | E2 2023-26 n=1943  -0.12% | cost sweep 0/5/10/20bp: 0.06% / -0.04% / -0.14% / -0.34% | sleeve alone -5.7% / Sharpe -1.16 / DD -40.2%
                           combined with main:  24.6% / 1.03 /  -35.3% (E1 1.10, E2 0.93) vs main 32.5% / 1.36 / -20.2% (E1 1.49, E2 1.17)
V3 c=2.0 range             trips   128 (target  79%) | net/trip   2.17% | day-level t  0.60 | duty  63% | avg inventory 0.046
                           eras: E1 2018-22 n=  61   1.10% | E2 2023-26 n=  64   2.37% | cost sweep 0/5/10/20bp: 2.37% / 2.27% / 2.17% / 1.97% | sleeve alone 0.8% / Sharpe 0.20 / DD -11.1%
                           combined with main:  33.2% / 1.32 /  -24.6% (E1 1.38, E2 1.25) vs main 32.5% / 1.36 / -20.2% (E1 1.49, E2 1.17)
V4 c=1.0 range+quiet       trips   296 (target  54%) | net/trip  -0.79% | day-level t -1.23 | duty  37% | avg inventory 0.026 | vs random activation: control mean -0.37 bp/day vs -0.40 bp/day, p=0.55
                           eras: E1 2018-22 n= 188  -1.18% | E2 2023-26 n= 108  -0.12% | cost sweep 0/5/10/20bp: -0.59% / -0.69% / -0.79% / -0.99% | sleeve alone -1.5% / Sharpe -0.42 / DD -13.4%
                           combined with main:  30.3% / 1.24 /  -25.5% (E1 1.33, E2 1.12) vs main 32.5% / 1.36 / -20.2% (E1 1.49, E2 1.17)
V5 c=1.0 uptrend pullback  trips   306 (target  56%) | net/trip  -0.12% | day-level t -0.93 | duty  55% | avg inventory 0.023 | vs random activation: control mean -0.52 bp/day vs -0.29 bp/day, p=0.25
                           eras: E1 2018-22 n= 124  -2.00% | E2 2023-26 n= 168   0.29% | cost sweep 0/5/10/20bp: 0.08% / -0.02% / -0.12% / -0.32% | sleeve alone -1.1% / Sharpe -0.32 / DD -13.1%
                           combined with main:  30.7% / 1.24 /  -24.6% (E1 1.32, E2 1.13) vs main 32.5% / 1.36 / -20.2% (E1 1.49, E2 1.17)

================ ETH  (net of 10 bp per side; level size 6.25% x min(1, 0.024/sigma_d))
V1 c=1.0 range             trips   580 (target  51%) | net/trip   0.34% | day-level t -0.39 | duty  62% | avg inventory 0.037 | vs random activation: control mean -0.42 bp/day vs -0.17 bp/day, p=0.19
                           eras: E1 2018-22 n= 273   0.19% | E2 2023-26 n= 298   0.11% | cost sweep 0/5/10/20bp: 0.54% / 0.44% / 0.34% / 0.14% | sleeve alone -0.7% / Sharpe -0.13 / DD -13.5%
                           combined with main:  31.1% / 1.25 /  -26.2% (E1 1.35, E2 1.10) vs main 32.5% / 1.36 / -20.2% (E1 1.49, E2 1.17)
V2 c=0.5 range             trips  5805 (target  11%) | net/trip  -0.20% | day-level t -3.33 | duty  62% | avg inventory 0.038
                           eras: E1 2018-22 n=3772  -0.26% | E2 2023-26 n=1984  -0.19% | cost sweep 0/5/10/20bp: -0.00% / -0.10% / -0.20% / -0.40% | sleeve alone -5.8% / Sharpe -1.14 / DD -40.6%
                           combined with main:  24.4% / 1.02 /  -31.0% (E1 1.11, E2 0.89) vs main 32.5% / 1.36 / -20.2% (E1 1.49, E2 1.17)
V3 c=2.0 range             trips   132 (target  70%) | net/trip  -0.71% | day-level t -0.90 | duty  62% | avg inventory 0.034
                           eras: E1 2018-22 n=  63  -2.53% | E2 2023-26 n=  67   0.47% | cost sweep 0/5/10/20bp: -0.51% / -0.61% / -0.71% / -0.91% | sleeve alone -1.3% / Sharpe -0.31 / DD -11.7%
                           combined with main:  30.5% / 1.24 /  -23.3% (E1 1.35, E2 1.09) vs main 32.5% / 1.36 / -20.2% (E1 1.49, E2 1.17)
V4 c=1.0 range+quiet       trips   342 (target  47%) | net/trip  -0.64% | day-level t -1.00 | duty  37% | avg inventory 0.020 | vs random activation: control mean -0.26 bp/day vs -0.32 bp/day, p=0.58
                           eras: E1 2018-22 n= 183  -1.23% | E2 2023-26 n= 159   0.04% | cost sweep 0/5/10/20bp: -0.44% / -0.54% / -0.64% / -0.84% | sleeve alone -1.2% / Sharpe -0.34 / DD -12.7%
                           combined with main:  30.8% / 1.27 /  -24.0% (E1 1.37, E2 1.13) vs main 32.5% / 1.36 / -20.2% (E1 1.49, E2 1.17)
V5 c=1.0 uptrend pullback  trips   270 (target  71%) | net/trip   1.35% | day-level t  0.31 | duty  54% | avg inventory 0.019 | vs random activation: control mean -0.39 bp/day vs 0.10 bp/day, p=0.03
                           eras: E1 2018-22 n= 136   1.26% | E2 2023-26 n= 124   0.59% | cost sweep 0/5/10/20bp: 1.55% / 1.45% / 1.35% / 1.15% | sleeve alone 0.3% / Sharpe 0.11 / DD -8.2%
                           combined with main:  32.5% / 1.30 /  -24.7% (E1 1.42, E2 1.13) vs main 32.5% / 1.36 / -20.2% (E1 1.49, E2 1.17)

--- pre-registered acceptance (BTC decides; ETH is replication)
btc V1 c=1.0 range                   {'t_day_gt2': False, 'trip_mean_pos': False, 'beats_random': False, 'eras_pos': False, 'sharpe_ok': False, 'dd_ok': False, 'plateau': False, 'ACCEPT': False}
btc V4 c=1.0 range+quiet             {'t_day_gt2': False, 'trip_mean_pos': False, 'beats_random': False, 'eras_pos': False, 'sharpe_ok': False, 'dd_ok': False, 'plateau': True, 'ACCEPT': False}
btc V5 c=1.0 uptrend pullback        {'t_day_gt2': False, 'trip_mean_pos': False, 'beats_random': False, 'eras_pos': False, 'sharpe_ok': False, 'dd_ok': False, 'plateau': True, 'ACCEPT': False}
eth V1 c=1.0 range                   {'t_day_gt2': False, 'trip_mean_pos': True, 'beats_random': False, 'eras_pos': True, 'sharpe_ok': False, 'dd_ok': False, 'plateau': False, 'ACCEPT': False}
eth V4 c=1.0 range+quiet             {'t_day_gt2': False, 'trip_mean_pos': False, 'beats_random': False, 'eras_pos': False, 'sharpe_ok': False, 'dd_ok': False, 'plateau': True, 'ACCEPT': False}
eth V5 c=1.0 uptrend pullback        {'t_day_gt2': False, 'trip_mean_pos': True, 'beats_random': True, 'eras_pos': True, 'sharpe_ok': False, 'dd_ok': False, 'plateau': True, 'ACCEPT': False}
saved results/vol_grid.json

real	1m46.920s
user	1m44.357s
sys	0m1.510s
